<html>
<body>
<pre>
<h1>µVision Build Log</h1>
<h2>Tool Versions:</h2>
IDE-Version: ¦ÌVision V5.38.0.0
Copyright (C) 2022 ARM Ltd and ARM Germany GmbH. All rights reserved.
License Information: 1 1, 1, LIC=76F5U-S3YLK-2ZUW4-FI5FR-67JG5-2ERT9
 
Tool Versions:
Toolchain:       MDK-ARM Plus  Version: 5.38.0.0
Toolchain Path:  E:\Keil\keil5\ARM\ARMCLANG\Bin
C Compiler:      ArmClang.exe V6.19
Assembler:       Armasm.exe V6.19
Linker/Locator:  ArmLink.exe V6.19
Library Manager: ArmAr.exe V6.19
Hex Converter:   FromElf.exe V6.19
CPU DLL:         SARMCM3.DLL V5.38.0.0
Dialog DLL:      DCM.DLL V1.17.5.0
Target DLL:      STLink\ST-LINKIII-KEIL_SWO.dll V3.0.1.0
Dialog DLL:      TCM.DLL V1.56.4.0
 
<h2>Project:</h2>
E:\keil_code\template\MDK-ARM\template.uvprojx
Project File Date:  05/25/2023

<h2>Output:</h2>
*** Using Compiler 'V6.19', folder: 'E:\Keil\keil5\ARM\ARMCLANG\Bin'
Rebuild target 'template'
compiling stm32f4xx_it.c...
compiling gpio.c...
compiling spi.c...
compiling stm32f4xx_hal_msp.c...
../Core/Src/main.c(96): warning: passing 'char[5]' to parameter of type 'unsigned char *' converts between pointers to integer types where one is of the unique plain 'char' type and the other is not [-Wpointer-sign]
        show_str("abcd",4);
                 ^~~~~~
../Hardware\LCDAPI.h(27): note: passing argument to parameter 'str' here
void show_str(u8 str[],u8 len);
                 ^
1 warning generated.
compiling main.c...
assembling startup_stm32f407xx.s...
compiling stm32f4xx_hal_flash_ramfunc.c...
compiling stm32f4xx_hal_rcc_ex.c...
compiling stm32f4xx_hal_flash.c...
compiling stm32f4xx_hal_flash_ex.c...
compiling stm32f4xx_hal_gpio.c...
compiling stm32f4xx_hal_rcc.c...
compiling stm32f4xx_hal_spi.c...
compiling stm32f4xx_hal_dma_ex.c...
compiling stm32f4xx_hal_pwr.c...
compiling stm32f4xx_hal_pwr_ex.c...
compiling stm32f4xx_hal.c...
compiling stm32f4xx_hal_exti.c...
compiling stm32f4xx_hal_cortex.c...
compiling stm32f4xx_hal_dma.c...
compiling stm32f4xx_hal_tim.c...
compiling stm32f4xx_hal_tim_ex.c...
compiling system_stm32f4xx.c...
compiling tube.c...
compiling lcd.c...
../Hardware/LCDAPI.c(3): warning: In file included from...
../Hardware/font.h(169): warning: illegal character encoding in string literal [-Winvalid-source-encoding]
"<B4><BF>",0x00,0x00,0x00,0x00,0x00,0x00,0x02,0x01,0x00,0x06,0x3F,0xC0,0x0C,0x3F,0xE0,0x18,0x03,0x00,0x10,0x02,0x00,0x33,0x36,0x60,0x37,0x26,0x20,0x3E,0x66,0x30,0x1C,0x64,0x30,0x18,0x64,0x20,0x31,0xFE,0xE0,0x3F,0x1F,0xC0,0x1C,0x0C,0x00,0x00,0x0C,0x00,0x07,0x04,0x00,0x3E,0x07,0xF0,0x00,0x01,0xC0,0x00,0x00,0x00,0x00,0x00,0x00,0x00,0x00,0x00,0x00,0x00,0x00,0x00,0x00,0x00,
 ^~~~~~~~
../Hardware/font.h(171): warning: illegal character encoding in string literal [-Winvalid-source-encoding]
"<CC><EE>",0x00,0x00,0x00,0x00,0x00,0x00,0x00,0x03,0x00,0x00,0xFF,0xE0,0x0C,0x07,0xF0,0x0C,0x06,0x00,0x0C,0xFF,0x80,0x3F,0xF0,0xE0,0x1F,0xC0,0x60,0x0C,0xFE,0x30,0x0C,0xCC,0x30,0x04,0xF8,0x30,0x04,0xFF,0x20,0x04,0xC0,0x20,0x1F,0xFE,0x60,0x3E,0xC0,0x60,0x01,0xFF,0xF0,0x01,0xFF,0xF0,0x00,0x60,0x60,0x00,0x40,0x00,0x00,0x00,0x00,0x00,0x00,0x00,0x00,0x00,0x00,0x00,0x00,0x00,
 ^~~~~~~~
../Hardware/font.h(172): warning: illegal character encoding in string literal [-Winvalid-source-encoding]
"<B3><E4>",0x00,0x00,0x00,0x00,0x00,0x00,0x00,0x20,0x00,0x00,0x30,0x00,0x07,0xFF,0xF0,0x3F,0xFF,0xE0,0x03,0x00,0x00,0x06,0x01,0x80,0x0C,0x01,0x80,0x08,0x01,0xC0,0x18,0x07,0xE0,0x0F,0xFE,0x70,0x07,0xE0,0x00,0x02,0x06,0x00,0x06,0x04,0x00,0x04,0x04,0x00,0x04,0x04,0x00,0x0C,0x06,0x70,0x0C,0x07,0xE0,0x00,0x00,0x00,0x00,0x00,0x00,0x00,0x00,0x00,0x00,0x00,0x00,0x00,0x00,0x00,
 ^~~~~~~~
../Hardware/font.h(173): warning: illegal character encoding in string literal [-Winvalid-source-encoding]
"<B2><E2>",0x00,0x00,0x00,0x00,0x00,0x00,0x00,0x00,0x30,0x39,0xFC,0x30,0x1F,0xCC,0x30,0x07,0x06,0xB0,0x0F,0x06,0xF0,0x19,0x07,0xB0,0x31,0x37,0xB0,0x31,0x36,0xF0,0x1F,0x27,0xF0,0x01,0x67,0xF0,0x01,0xE5,0xF0,0x01,0xE1,0xF0,0x00,0x41,0xF0,0x0C,0xF8,0xB0,0x3C,0xD8,0x30,0x00,0x8C,0x30,0x00,0x80,0x30,0x00,0x00,0x00,0x00,0x00,0x00,0x00,0x00,0x00,0x00,0x00,0x00,0x00,0x00,0x00,
 ^~~~~~~~
../Hardware/font.h(174): warning: illegal character encoding in string literal [-Winvalid-source-encoding]
"<CA><D4>",0x00,0x00,0x00,0x00,0x00,0x00,0x08,0x03,0x60,0x0C,0x03,0x70,0x0C,0x03,0x30,0x00,0x3F,0xE0,0x00,0x3F,0x80,0x08,0x01,0x00,0x3C,0x01,0x80,0x04,0x7F,0x80,0x04,0x7D,0x80,0x0C,0x00,0x80,0x0C,0x10,0xC0,0x0C,0x10,0xC0,0x0C,0x18,0x40,0x0C,0x1C,0x60,0x0F,0x7E,0x60,0x06,0x70,0x30,0x00,0x00,0x30,0x00,0x00,0x00,0x00,0x00,0x00,0x00,0x00,0x00,0x00,0x00,0x00,0x00,0x00,0x00,
 ^~~~~~~~
../Hardware/font.h(175): warning: illegal character encoding in string literal [-Winvalid-source-encoding]
"<CE><C4>",0x00,0x00,0x00,0x00,0xC0,0x00,0x00,0xE0,0x00,0x00,0x70,0x00,0x01,0xFF,0xE0,0x1F,0xFF,0xC0,0x18,0x01,0x00,0x00,0x03,0x00,0x00,0x06,0x00,0x00,0x0E,0x00,0x00,0x1C,0x00,0x0E,0x18,0x00,0x07,0x30,0x00,0x01,0xE0,0x00,0x00,0xF0,0x00,0x00,0xFC,0x00,0x01,0x8F,0x00,0x03,0x03,0xC0,0x02,0x01,0xE0,0x00,0x00,0x00,0x00,0x00,0x00,0x00,0x00,0x00,0x00,0x00,0x00,0x00,0x00,0x00,
 ^~~~~~~~
../Hardware/font.h(176): warning: illegal character encoding in string literal [-Winvalid-source-encoding]
"<D7><D6>",0x00,0x00,0x00,0x00,0x00,0x00,0x00,0x20,0x00,0x00,0x3F,0x00,0x31,0xFF,0xE0,0x3F,0xC0,0x20,0x38,0x00,0x30,0x30,0xFE,0x20,0x33,0xC6,0x60,0x10,0x02,0x00,0x00,0x0C,0x00,0x00,0x18,0x00,0x00,0x18,0x00,0x00,0x0C,0x00,0x07,0xFF,0xE0,0x3F,0xFF,0xE0,0x00,0x04,0x00,0x00,0x0C,0x00,0x00,0x0C,0x00,0x00,0x00,0x00,0x00,0x00,0x00,0x00,0x00,0x00,0x00,0x00,0x00,0x00,0x00,0x00,
 ^~~~~~~~
../Hardware/font.h(177): warning: illegal character encoding in string literal [-Winvalid-source-encoding]
"<CF><D4>",0x00,0x00,0x00,0x00,0x00,0x00,0x07,0xFF,0x00,0x0F,0x03,0xC0,0x0C,0x00,0x40,0x1F,0xF8,0x60,0x18,0x00,0x60,0x08,0x00,0x40,0x0E,0x01,0xC0,0x07,0xFF,0x00,0x00,0x00,0x00,0x01,0x84,0x00,0x01,0x84,0x00,0x19,0x87,0x80,0x0F,0x8C,0xE0,0x07,0x8C,0x20,0x00,0xCC,0x00,0x03,0xFF,0xE0,0x1F,0xFF,0xC0,0x00,0x00,0x00,0x00,0x00,0x00,0x00,0x00,0x00,0x00,0x00,0x00,0x00,0x00,0x00,
 ^~~~~~~~
../Hardware/font.h(181): warning: illegal character encoding in string literal [-Winvalid-source-encoding]
"<CF><D4>",0x00,0x00,0x00,0x00,0x00,0x00,0x07,0xFF,0x00,0x0F,0x03,0xC0,0x0C,0x00,0x40,0x1F,0xF8,0x60,0x18,0x00,0x60,0x08,0x00,0x40,0x0E,0x01,0xC0,0x07,0xFF,0x00,0x00,0x00,0x00,0x01,0x84,0x00,0x01,0x84,0x00,0x19,0x87,0x80,0x0F,0x8C,0xE0,0x07,0x8C,0x20,0x00,0xCC,0x00,0x03,0xFF,0xE0,0x1F,0xFF,0xC0,0x00,0x00,0x00,0x00,0x00,0x00,0x00,0x00,0x00,0x00,0x00,0x00,0x00,0x00,0x00,
 ^~~~~~~~
../Hardware/font.h(183): warning: illegal character encoding in string literal [-Winvalid-source-encoding]
"<B4><A5>",0x00,0x00,0x00,0x00,0x00,0x00,0x06,0x01,0x80,0x0F,0xC1,0x80,0x1E,0x61,0x80,0x30,0x4F,0xC0,0x20,0xCF,0xE0,0x07,0x8D,0x30,0x3F,0xC9,0x30,0x33,0x79,0x30,0x33,0x79,0x30,0x3F,0xFB,0x30,0x37,0xFF,0x20,0x32,0x67,0xE0,0x3F,0xE3,0x80,0x3F,0xE3,0xC0,0x32,0x63,0x60,0x32,0x67,0xF0,0x30,0x4F,0xB0,0x00,0x00,0x00,0x00,0x00,0x00,0x00,0x00,0x00,0x00,0x00,0x00,0x00,0x00,0x00,
 ^~~~~~~~
../Hardware/font.h(184): warning: illegal character encoding in string literal [-Winvalid-source-encoding]
"<C3><FE>",0x00,0x00,0x00,0x00,0x00,0x00,0x00,0x30,0xC0,0x00,0xFF,0xF0,0x0C,0x79,0xC0,0x0C,0x1F,0x80,0x0C,0x7F,0xE0,0x3F,0xE0,0x60,0x0C,0xC0,0x30,0x0C,0xFC,0x30,0x04,0xC0,0x30,0x07,0xC0,0x30,0x1E,0x60,0x60,0x3C,0x3F,0xC0,0x04,0x1C,0x00,0x04,0x7F,0xE0,0x00,0xFF,0xE0,0x00,0x30,0xC0,0x00,0x60,0x60,0x00,0x00,0x00,0x00,0x00,0x00,0x00,0x00,0x00,0x00,0x00,0x00,0x00,0x00,0x00,
 ^~~~~~~~
../Hardware/font.h(185): warning: illegal character encoding in string literal [-Winvalid-source-encoding]
"<CA><E4>",0x00,0x00,0x00,0x00,0x00,0x00,0x0C,0x03,0x80,0x0C,0x0F,0xC0,0x08,0x1C,0x70,0x3F,0x70,0x00,0x1F,0x9F,0xC0,0x10,0x1F,0xC0,0x10,0x00,0x00,0x36,0x7C,0x30,0x17,0xE6,0x30,0x1F,0xE3,0xB0,0x06,0x7F,0xB0,0x02,0x77,0xF0,0x07,0xE3,0xF0,0x3F,0x7F,0xF0,0x13,0x36,0xF0,0x03,0x26,0x30,0x03,0x26,0x30,0x00,0x00,0x00,0x00,0x00,0x00,0x00,0x00,0x00,0x00,0x00,0x00,0x00,0x00,0x00,
 ^~~~~~~~
../Hardware/font.h(186): warning: illegal character encoding in string literal [-Winvalid-source-encoding]
"<C8><EB>",0x00,0x00,0x00,0x00,0x00,0x00,0x06,0x00,0x00,0x03,0x80,0x00,0x01,0xC0,0x00,0x00,0xE0,0x00,0x00,0x70,0x00,0x00,0x78,0x00,0x00,0xCC,0x00,0x00,0xC6,0x00,0x01,0x83,0x00,0x03,0x01,0x80,0x07,0x00,0xC0,0x06,0x00,0xE0,0x0C,0x00,0x70,0x18,0x00,0x30,0x18,0x00,0x00,0x30,0x00,0x00,0x00,0x00,0x00,0x00,0x00,0x00,0x00,0x00,0x00,0x00,0x00,0x00,0x00,0x00,0x00,0x00,0x00,0x00,
 ^~~~~~~~
13 warnings generated.
compiling LCDAPI.c...
linking...
Program Size: Code=11740 RO-data=1960 RW-data=12 ZI-data=1732  
FromELF: creating hex file...
"template\template.axf" - 0 Error(s), 14 Warning(s).

<h2>Software Packages used:</h2>

Package Vendor: ARM
                http://www.keil.com/pack/ARM.CMSIS.5.9.0.pack
                ARM.CMSIS.5.9.0
                CMSIS (Common Microcontroller Software Interface Standard)
   * Component: CORE Version: 5.6.0

Package Vendor: Keil
                https://www.keil.com/pack/Keil.STM32F4xx_DFP.2.17.0.pack
                Keil.STM32F4xx_DFP.2.17.0
                STMicroelectronics STM32F4 Series Device Support, Drivers and Examples

<h2>Collection of Component include folders:</h2>
  ./RTE/_template
  E:/Keil/packs/ARM/CMSIS/5.9.0/CMSIS/Core/Include
  E:/Keil/packs/Keil/STM32F4xx_DFP/2.17.0/Drivers/CMSIS/Device/ST/STM32F4xx/Include

<h2>Collection of Component Files used:</h2>

   * Component: ARM::CMSIS:CORE:5.6.0
      Include file:  CMSIS/Core/Include/tz_context.h
Build Time Elapsed:  00:00:04
</pre>
</body>
</html>
