Component: Arm Compiler for Embedded 6.19 Tool: armlink [5e73cb00]

==============================================================================

Section Cross References

    startup_stm32f407xx.o(STACK) refers (Special) to heapauxi.o(.text) for __use_two_region_memory
    startup_stm32f407xx.o(HEAP) refers (Special) to heapauxi.o(.text) for __use_two_region_memory
    startup_stm32f407xx.o(RESET) refers (Special) to heapauxi.o(.text) for __use_two_region_memory
    startup_stm32f407xx.o(RESET) refers to startup_stm32f407xx.o(STACK) for __initial_sp
    startup_stm32f407xx.o(RESET) refers to startup_stm32f407xx.o(.text) for Reset_Handler
    startup_stm32f407xx.o(RESET) refers to stm32f4xx_it.o(.text.NMI_Handler) for NMI_Handler
    startup_stm32f407xx.o(RESET) refers to stm32f4xx_it.o(.text.HardFault_Handler) for HardFault_Handler
    startup_stm32f407xx.o(RESET) refers to stm32f4xx_it.o(.text.MemManage_Handler) for MemManage_Handler
    startup_stm32f407xx.o(RESET) refers to stm32f4xx_it.o(.text.BusFault_Handler) for BusFault_Handler
    startup_stm32f407xx.o(RESET) refers to stm32f4xx_it.o(.text.UsageFault_Handler) for UsageFault_Handler
    startup_stm32f407xx.o(RESET) refers to stm32f4xx_it.o(.text.SVC_Handler) for SVC_Handler
    startup_stm32f407xx.o(RESET) refers to stm32f4xx_it.o(.text.DebugMon_Handler) for DebugMon_Handler
    startup_stm32f407xx.o(RESET) refers to stm32f4xx_it.o(.text.PendSV_Handler) for PendSV_Handler
    startup_stm32f407xx.o(RESET) refers to stm32f4xx_it.o(.text.SysTick_Handler) for SysTick_Handler
    startup_stm32f407xx.o(RESET) refers to stm32f4xx_it.o(.text.DMA1_Stream5_IRQHandler) for DMA1_Stream5_IRQHandler
    startup_stm32f407xx.o(RESET) refers to stm32f4xx_it.o(.text.EXTI9_5_IRQHandler) for EXTI9_5_IRQHandler
    startup_stm32f407xx.o(RESET) refers to stm32f4xx_it.o(.text.EXTI15_10_IRQHandler) for EXTI15_10_IRQHandler
    startup_stm32f407xx.o(.text) refers (Special) to heapauxi.o(.text) for __use_two_region_memory
    startup_stm32f407xx.o(.text) refers to system_stm32f4xx.o(.text.SystemInit) for SystemInit
    startup_stm32f407xx.o(.text) refers to __main.o(!!!main) for __main
    startup_stm32f407xx.o(.text) refers to startup_stm32f407xx.o(HEAP) for Heap_Mem
    startup_stm32f407xx.o(.text) refers to startup_stm32f407xx.o(STACK) for Stack_Mem
    main.o(.text.dds_calculate_sin) refers to main.o(.bss.sindds) for sindds
    main.o(.text.dds_calculate_sin) refers to rt_memclr_w.o(.text) for __aeabi_memclr4
    main.o(.text.dds_calculate_sin) refers to dflt_clz.o(x$fpl$dflt) for __aeabi_i2d
    main.o(.text.dds_calculate_sin) refers to ddiv.o(x$fpl$ddiv) for __aeabi_ddiv
    main.o(.text.dds_calculate_sin) refers to dmul.o(x$fpl$dmul) for __aeabi_dmul
    main.o(.text.dds_calculate_sin) refers to sin.o(i.__hardfp_sin) for __hardfp_sin
    main.o(.text.dds_calculate_sin) refers to daddsub_clz.o(x$fpl$dadd) for __aeabi_dadd
    main.o(.text.dds_calculate_sin) refers to d2f.o(x$fpl$d2f) for __aeabi_d2f
    main.o(.ARM.exidx.text.dds_calculate_sin) refers to main.o(.text.dds_calculate_sin) for [Anonymous Symbol]
    main.o(.text.dds_calculate_square) refers to dflt_clz.o(x$fpl$dflt) for __aeabi_i2d
    main.o(.text.dds_calculate_square) refers to dmul.o(x$fpl$dmul) for __aeabi_dmul
    main.o(.text.dds_calculate_square) refers to dfix.o(x$fpl$dfix) for __aeabi_d2iz
    main.o(.text.dds_calculate_square) refers to ddiv.o(x$fpl$ddiv) for __aeabi_ddiv
    main.o(.text.dds_calculate_square) refers to main.o(.bss.sindds) for sindds
    main.o(.ARM.exidx.text.dds_calculate_square) refers to main.o(.text.dds_calculate_square) for [Anonymous Symbol]
    main.o(.text.dds_calculate_rectangle) refers to dflt_clz.o(x$fpl$dflt) for __aeabi_i2d
    main.o(.text.dds_calculate_rectangle) refers to dmul.o(x$fpl$dmul) for __aeabi_dmul
    main.o(.text.dds_calculate_rectangle) refers to dfix.o(x$fpl$dfix) for __aeabi_d2iz
    main.o(.text.dds_calculate_rectangle) refers to ddiv.o(x$fpl$ddiv) for __aeabi_ddiv
    main.o(.text.dds_calculate_rectangle) refers to main.o(.bss.sindds) for sindds
    main.o(.ARM.exidx.text.dds_calculate_rectangle) refers to main.o(.text.dds_calculate_rectangle) for [Anonymous Symbol]
    main.o(.text.dac_dma_wave_enable) refers to rt_memclr_w.o(.text) for __aeabi_memclr4
    main.o(.text.dac_dma_wave_enable) refers to stm32f4xx_hal_tim.o(.text.HAL_TIM_Base_Init) for HAL_TIM_Base_Init
    main.o(.text.dac_dma_wave_enable) refers to stm32f4xx_hal_tim_ex.o(.text.HAL_TIMEx_MasterConfigSynchronization) for HAL_TIMEx_MasterConfigSynchronization
    main.o(.text.dac_dma_wave_enable) refers to stm32f4xx_hal_tim.o(.text.HAL_TIM_Base_Start) for HAL_TIM_Base_Start
    main.o(.text.dac_dma_wave_enable) refers to dac.o(.bss.hdac) for hdac
    main.o(.text.dac_dma_wave_enable) refers to stm32f4xx_hal_dac.o(.text.HAL_DAC_Stop_DMA) for HAL_DAC_Stop_DMA
    main.o(.ARM.exidx.text.dac_dma_wave_enable) refers to main.o(.text.dac_dma_wave_enable) for [Anonymous Symbol]
[...]
    ../clib/libinit.s                        0x00000000   Number         0  libshutdown2.o ABSOLUTE
    ../clib/longlong.s                       0x00000000   Number         0  lludivv7m.o ABSOLUTE
    ../clib/memcpset.s                       0x00000000   Number         0  rt_memclr_w.o ABSOLUTE
    ../clib/signal.c                         0x00000000   Number         0  defsig_fpe_outer.o ABSOLUTE
    ../clib/signal.c                         0x00000000   Number         0  defsig_fpe_formal.o ABSOLUTE
    ../clib/signal.c                         0x00000000   Number         0  defsig_exit.o ABSOLUTE
    ../clib/signal.c                         0x00000000   Number         0  defsig_fpe_inner.o ABSOLUTE
    ../clib/signal.c                         0x00000000   Number         0  __raise.o ABSOLUTE
    ../clib/signal.c                         0x00000000   Number         0  defsig_general.o ABSOLUTE
    ../clib/signal.c                         0x00000000   Number         0  defsig_abrt_inner.o ABSOLUTE
    ../clib/signal.c                         0x00000000   Number         0  defsig_rtred_inner.o ABSOLUTE
    ../clib/signal.c                         0x00000000   Number         0  defsig_rtmem_inner.o ABSOLUTE
    ../clib/signal.c                         0x00000000   Number         0  defsig_rtmem_outer.o ABSOLUTE
    ../clib/signal.c                         0x00000000   Number         0  defsig_rtmem_formal.o ABSOLUTE
    ../clib/signal.c                         0x00000000   Number         0  defsig_stak_inner.o ABSOLUTE
    ../clib/signal.c                         0x00000000   Number         0  defsig_pvfn_inner.o ABSOLUTE
    ../clib/signal.c                         0x00000000   Number         0  defsig_cppl_inner.o ABSOLUTE
    ../clib/signal.c                         0x00000000   Number         0  defsig_segv_inner.o ABSOLUTE
    ../clib/signal.c                         0x00000000   Number         0  defsig_other.o ABSOLUTE
    ../clib/signal.s                         0x00000000   Number         0  defsig.o ABSOLUTE
    ../clib/stdlib.c                         0x00000000   Number         0  exit.o ABSOLUTE
    ../fplib/basic.s                         0x00000000   Number         0  basic.o ABSOLUTE
    ../fplib/d2f.s                           0x00000000   Number         0  d2f.o ABSOLUTE
    ../fplib/daddsub.s                       0x00000000   Number         0  daddsub_clz.o ABSOLUTE
    ../fplib/dcmp.s                          0x00000000   Number         0  dcmp.o ABSOLUTE
    ../fplib/dcmpi.s                         0x00000000   Number         0  dcmpi.o ABSOLUTE
    ../fplib/ddiv.s                          0x00000000   Number         0  ddiv.o ABSOLUTE
    ../fplib/deqf.s                          0x00000000   Number         0  deqf.o ABSOLUTE
    ../fplib/dfix.s                          0x00000000   Number         0  dfix.o ABSOLUTE
    ../fplib/dflt.s                          0x00000000   Number         0  dflt_clz.o ABSOLUTE
    ../fplib/dgeqf.s                         0x00000000   Number         0  dgeqf.o ABSOLUTE
    ../fplib/dleqf.s                         0x00000000   Number         0  dleqf.o ABSOLUTE
    ../fplib/dmul.s                          0x00000000   Number         0  dmul.o ABSOLUTE
    ../fplib/dnaninf.s                       0x00000000   Number         0  dnaninf.o ABSOLUTE
    ../fplib/dretinf.s                       0x00000000   Number         0  dretinf.o ABSOLUTE
    ../fplib/fpinit.s                        0x00000000   Number         0  fpinit.o ABSOLUTE
    ../fplib/fretinf.s                       0x00000000   Number         0  fretinf.o ABSOLUTE
    ../fplib/usenofp.s                       0x00000000   Number         0  usenofp.o ABSOLUTE
    ../mathlib/cos_i.c                       0x00000000   Number         0  cos_i.o ABSOLUTE
    ../mathlib/dunder.c                      0x00000000   Number         0  dunder.o ABSOLUTE
    ../mathlib/fabs.c                        0x00000000   Number         0  fabs.o ABSOLUTE
    ../mathlib/fpclassify.c                  0x00000000   Number         0  fpclassify.o ABSOLUTE
    ../mathlib/poly.c                        0x00000000   Number         0  poly.o ABSOLUTE
    ../mathlib/rred.c                        0x00000000   Number         0  rred.o ABSOLUTE
    ../mathlib/sin.c                         0x00000000   Number         0  sin.o ABSOLUTE
    ../mathlib/sin_i.c                       0x00000000   Number         0  sin_i.o ABSOLUTE
    dac.c                                    0x00000000   Number         0  dac.o ABSOLUTE
    dc.s                                     0x00000000   Number         0  dc.o ABSOLUTE
    dma.c                                    0x00000000   Number         0  dma.o ABSOLUTE
    gpio.c                                   0x00000000   Number         0  gpio.o ABSOLUTE
    main.c                                   0x00000000   Number         0  main.o ABSOLUTE
    startup_stm32f407xx.s                    0x00000000   Number         0  startup_stm32f407xx.o ABSOLUTE
    stm32f4xx_hal.c                          0x00000000   Number         0  stm32f4xx_hal.o ABSOLUTE
    stm32f4xx_hal_cortex.c                   0x00000000   Number         0  stm32f4xx_hal_cortex.o ABSOLUTE
    stm32f4xx_hal_dac.c                      0x00000000   Number         0  stm32f4xx_hal_dac.o ABSOLUTE
    stm32f4xx_hal_dac_ex.c                   0x00000000   Number         0  stm32f4xx_hal_dac_ex.o ABSOLUTE
    stm32f4xx_hal_dma.c                      0x00000000   Number         0  stm32f4xx_hal_dma.o ABSOLUTE
    stm32f4xx_hal_dma_ex.c                   0x00000000   Number         0  stm32f4xx_hal_dma_ex.o ABSOLUTE
    stm32f4xx_hal_exti.c                     0x00000000   Number         0  stm32f4xx_hal_exti.o ABSOLUTE
    stm32f4xx_hal_flash.c                    0x00000000   Number         0  stm32f4xx_hal_flash.o ABSOLUTE
    stm32f4xx_hal_flash_ex.c                 0x00000000   Number         0  stm32f4xx_hal_flash_ex.o ABSOLUTE
    stm32f4xx_hal_flash_ramfunc.c            0x00000000   Number         0  stm32f4xx_hal_flash_ramfunc.o ABSOLUTE
    stm32f4xx_hal_gpio.c                     0x00000000   Number         0  stm32f4xx_hal_gpio.o ABSOLUTE
    stm32f4xx_hal_msp.c                      0x00000000   Number         0  stm32f4xx_hal_msp.o ABSOLUTE
    stm32f4xx_hal_pwr.c                      0x00000000   Number         0  stm32f4xx_hal_pwr.o ABSOLUTE
    stm32f4xx_hal_pwr_ex.c                   0x00000000   Number         0  stm32f4xx_hal_pwr_ex.o ABSOLUTE
    stm32f4xx_hal_rcc.c                      0x00000000   Number         0  stm32f4xx_hal_rcc.o ABSOLUTE
    stm32f4xx_hal_rcc_ex.c                   0x00000000   Number         0  stm32f4xx_hal_rcc_ex.o ABSOLUTE
    stm32f4xx_hal_tim.c                      0x00000000   Number         0  stm32f4xx_hal_tim.o ABSOLUTE
    stm32f4xx_hal_tim_ex.c                   0x00000000   Number         0  stm32f4xx_hal_tim_ex.o ABSOLUTE
    stm32f4xx_it.c                           0x00000000   Number         0  stm32f4xx_it.o ABSOLUTE
    system_stm32f4xx.c                       0x00000000   Number         0  system_stm32f4xx.o ABSOLUTE
    tim.c                                    0x00000000   Number         0  tim.o ABSOLUTE
    RESET                                    0x08000000   Section      392  startup_stm32f407xx.o(RESET)
    !!!main                                  0x08000188   Section        8  __main.o(!!!main)
    !!!scatter                               0x08000190   Section       52  __scatter.o(!!!scatter)
    !!handler_copy                           0x080001c4   Section       26  __scatter_copy.o(!!handler_copy)
    !!handler_zi                             0x080001e0   Section       28  __scatter_zi.o(!!handler_zi)
    .ARM.Collect$$libinit$$00000000          0x080001fc   Section        2  libinit.o(.ARM.Collect$$libinit$$00000000)
    .ARM.Collect$$libinit$$00000001          0x080001fe   Section        4  libinit2.o(.ARM.Collect$$libinit$$00000001)
    .ARM.Collect$$libinit$$00000004          0x08000202   Section        0  libinit2.o(.ARM.Collect$$libinit$$00000004)
    .ARM.Collect$$libinit$$00000006          0x08000202   Section        0  libinit2.o(.ARM.Collect$$libinit$$00000006)
    .ARM.Collect$$libinit$$0000000C          0x08000202   Section        0  libinit2.o(.ARM.Collect$$libinit$$0000000C)
    .ARM.Collect$$libinit$$0000000E          0x08000202   Section        0  libinit2.o(.ARM.Collect$$libinit$$0000000E)
    .ARM.Collect$$libinit$$00000010          0x08000202   Section        0  libinit2.o(.ARM.Collect$$libinit$$00000010)
    .ARM.Collect$$libinit$$00000013          0x08000202   Section        0  libinit2.o(.ARM.Collect$$libinit$$00000013)
    .ARM.Collect$$libinit$$00000015          0x08000202   Section        0  libinit2.o(.ARM.Collect$$libinit$$00000015)
    .ARM.Collect$$libinit$$00000017          0x08000202   Section        0  libinit2.o(.ARM.Collect$$libinit$$00000017)
    .ARM.Collect$$libinit$$00000019          0x08000202   Section        0  libinit2.o(.ARM.Collect$$libinit$$00000019)
    .ARM.Collect$$libinit$$0000001B          0x08000202   Section        0  libinit2.o(.ARM.Collect$$libinit$$0000001B)
    .ARM.Collect$$libinit$$0000001D          0x08000202   Section        0  libinit2.o(.ARM.Collect$$libinit$$0000001D)
    .ARM.Collect$$libinit$$0000001F          0x08000202   Section        0  libinit2.o(.ARM.Collect$$libinit$$0000001F)
    .ARM.Collect$$libinit$$00000021          0x08000202   Section        0  libinit2.o(.ARM.Collect$$libinit$$00000021)
    .ARM.Collect$$libinit$$00000023          0x08000202   Section        0  libinit2.o(.ARM.Collect$$libinit$$00000023)
    .ARM.Collect$$libinit$$00000025          0x08000202   Section        0  libinit2.o(.ARM.Collect$$libinit$$00000025)
    .ARM.Collect$$libinit$$00000027          0x08000202   Section        0  libinit2.o(.ARM.Collect$$libinit$$00000027)
    .ARM.Collect$$libinit$$0000002E          0x08000202   Section        0  libinit2.o(.ARM.Collect$$libinit$$0000002E)
    .ARM.Collect$$libinit$$00000030          0x08000202   Section        0  libinit2.o(.ARM.Collect$$libinit$$00000030)
    .ARM.Collect$$libinit$$00000032          0x08000202   Section        0  libinit2.o(.ARM.Collect$$libinit$$00000032)
    .ARM.Collect$$libinit$$00000034          0x08000202   Section        0  libinit2.o(.ARM.Collect$$libinit$$00000034)
    .ARM.Collect$$libinit$$00000035          0x08000202   Section        2  libinit2.o(.ARM.Collect$$libinit$$00000035)
    .ARM.Collect$$libshutdown$$00000000      0x08000204   Section        2  libshutdown.o(.ARM.Collect$$libshutdown$$00000000)
    .ARM.Collect$$libshutdown$$00000002      0x08000206   Section        0  libshutdown2.o(.ARM.Collect$$libshutdown$$00000002)
    .ARM.Collect$$libshutdown$$00000004      0x08000206   Section        0  libshutdown2.o(.ARM.Collect$$libshutdown$$00000004)
    .ARM.Collect$$libshutdown$$00000007      0x08000206   Section        0  libshutdown2.o(.ARM.Collect$$libshutdown$$00000007)
    .ARM.Collect$$libshutdown$$0000000A      0x08000206   Section        0  libshutdown2.o(.ARM.Collect$$libshutdown$$0000000A)
    .ARM.Collect$$libshutdown$$0000000C      0x08000206   Section        0  libshutdown2.o(.ARM.Collect$$libshutdown$$0000000C)
    .ARM.Collect$$libshutdown$$0000000F      0x08000206   Section        0  libshutdown2.o(.ARM.Collect$$libshutdown$$0000000F)
    .ARM.Collect$$libshutdown$$00000010      0x08000206   Section        2  libshutdown2.o(.ARM.Collect$$libshutdown$$00000010)
    .ARM.Collect$$rtentry$$00000000          0x08000208   Section        0  __rtentry.o(.ARM.Collect$$rtentry$$00000000)
    .ARM.Collect$$rtentry$$00000002          0x08000208   Section        0  __rtentry2.o(.ARM.Collect$$rtentry$$00000002)
    .ARM.Collect$$rtentry$$00000004          0x08000208   Section        6  __rtentry4.o(.ARM.Collect$$rtentry$$00000004)
    .ARM.Collect$$rtentry$$00000009          0x0800020e   Section        0  __rtentry2.o(.ARM.Collect$$rtentry$$00000009)
    .ARM.Collect$$rtentry$$0000000A          0x0800020e   Section        4  __rtentry2.o(.ARM.Collect$$rtentry$$0000000A)
    .ARM.Collect$$rtentry$$0000000C          0x08000212   Section        0  __rtentry2.o(.ARM.Collect$$rtentry$$0000000C)
    .ARM.Collect$$rtentry$$0000000D          0x08000212   Section        8  __rtentry2.o(.ARM.Collect$$rtentry$$0000000D)
    .ARM.Collect$$rtexit$$00000000           0x0800021a   Section        2  rtexit.o(.ARM.Collect$$rtexit$$00000000)
    .ARM.Collect$$rtexit$$00000002           0x0800021c   Section        0  rtexit2.o(.ARM.Collect$$rtexit$$00000002)
    .ARM.Collect$$rtexit$$00000003           0x0800021c   Section        4  rtexit2.o(.ARM.Collect$$rtexit$$00000003)
    .ARM.Collect$$rtexit$$00000004           0x08000220   Section        6  rtexit2.o(.ARM.Collect$$rtexit$$00000004)
    $v0                                      0x08000228   Number         0  startup_stm32f407xx.o(.text)
    .text                                    0x08000228   Section       64  startup_stm32f407xx.o(.text)
    .text                                    0x08000268   Section      240  lludivv7m.o(.text)
    .text                                    0x08000358   Section       78  rt_memclr_w.o(.text)
    .text                                    0x080003a6   Section        0  heapauxi.o(.text)
    .text                                    0x080003ac   Section        0  _rserrno.o(.text)
    .text                                    0x080003c4   Section        8  rt_errno_addr_intlibspace.o(.text)
    .text                                    0x080003cc   Section        8  libspace.o(.text)
    .text                                    0x080003d4   Section       74  sys_stackheap_outer.o(.text)
    .text                                    0x0800041e   Section        0  exit.o(.text)
    .text                                    0x08000430   Section        0  sys_exit.o(.text)
    .text                                    0x0800043c   Section        2  use_no_semi.o(.text)
    .text                                    0x0800043e   Section        0  indicate_semi.o(.text)
    [Anonymous Symbol]                       0x08000440   Section        0  stm32f4xx_it.o(.text.BusFault_Handler)
    [Anonymous Symbol]                       0x08000444   Section        0  stm32f4xx_hal_dac.o(.text.DAC_DMAConvCpltCh1)
    [Anonymous Symbol]                       0x08000454   Section        0  stm32f4xx_hal_dac_ex.o(.text.DAC_DMAConvCpltCh2)
    [Anonymous Symbol]                       0x08000464   Section        0  stm32f4xx_hal_dac.o(.text.DAC_DMAErrorCh1)
    [Anonymous Symbol]                       0x0800047c   Section        0  stm32f4xx_hal_dac_ex.o(.text.DAC_DMAErrorCh2)
    [Anonymous Symbol]                       0x08000494   Section        0  stm32f4xx_hal_dac.o(.text.DAC_DMAHalfConvCpltCh1)
    [Anonymous Symbol]                       0x0800049c   Section        0  stm32f4xx_hal_dac_ex.o(.text.DAC_DMAHalfConvCpltCh2)
    [Anonymous Symbol]                       0x080004a4   Section        0  stm32f4xx_it.o(.text.DMA1_Stream5_IRQHandler)
    [Anonymous Symbol]                       0x080004b0   Section        0  stm32f4xx_it.o(.text.DebugMon_Handler)
    [Anonymous Symbol]                       0x080004b4   Section        0  stm32f4xx_it.o(.text.EXTI15_10_IRQHandler)
    [Anonymous Symbol]                       0x080004d4   Section        0  stm32f4xx_it.o(.text.EXTI9_5_IRQHandler)
    [Anonymous Symbol]                       0x080004ec   Section        0  main.o(.text.Error_Handler)
    [Anonymous Symbol]                       0x080004f8   Section        0  stm32f4xx_hal_dac_ex.o(.text.HAL_DACEx_ConvCpltCallbackCh2)
    [Anonymous Symbol]                       0x080004fc   Section        0  stm32f4xx_hal_dac_ex.o(.text.HAL_DACEx_ConvHalfCpltCallbackCh2)
    [Anonymous Symbol]                       0x08000500   Section        0  stm32f4xx_hal_dac_ex.o(.text.HAL_DACEx_ErrorCallbackCh2)
    [Anonymous Symbol]                       0x08000504   Section        0  stm32f4xx_hal_dac.o(.text.HAL_DAC_ConfigChannel)
    [Anonymous Symbol]                       0x08000550   Section        0  stm32f4xx_hal_dac.o(.text.HAL_DAC_ConvCpltCallbackCh1)
    [Anonymous Symbol]                       0x08000554   Section        0  stm32f4xx_hal_dac.o(.text.HAL_DAC_ConvHalfCpltCallbackCh1)
    [Anonymous Symbol]                       0x08000558   Section        0  stm32f4xx_hal_dac.o(.text.HAL_DAC_ErrorCallbackCh1)
    [Anonymous Symbol]                       0x0800055c   Section        0  stm32f4xx_hal_dac.o(.text.HAL_DAC_Init)
    [Anonymous Symbol]                       0x08000584   Section        0  dac.o(.text.HAL_DAC_MspInit)
    [Anonymous Symbol]                       0x08000638   Section        0  stm32f4xx_hal_dac.o(.text.HAL_DAC_Start_DMA)
    [Anonymous Symbol]                       0x08000744   Section        0  stm32f4xx_hal_dac.o(.text.HAL_DAC_Stop_DMA)
    [Anonymous Symbol]                       0x08000794   Section        0  stm32f4xx_hal_dma.o(.text.HAL_DMA_Abort)
    [Anonymous Symbol]                       0x08000824   Section        0  stm32f4xx_hal_dma.o(.text.HAL_DMA_IRQHandler)
    [Anonymous Symbol]                       0x080009e4   Section        0  stm32f4xx_hal_dma.o(.text.HAL_DMA_Init)
    [Anonymous Symbol]                       0x08000b48   Section        0  stm32f4xx_hal_dma.o(.text.HAL_DMA_Start_IT)
    [Anonymous Symbol]                       0x08000be8   Section        0  main.o(.text.HAL_GPIO_EXTI_Callback)
    [Anonymous Symbol]                       0x08000f30   Section        0  stm32f4xx_hal_gpio.o(.text.HAL_GPIO_EXTI_IRQHandler)
    [Anonymous Symbol]                       0x08000f48   Section        0  stm32f4xx_hal_gpio.o(.text.HAL_GPIO_Init)
    [Anonymous Symbol]                       0x080010f0   Section        0  stm32f4xx_hal_gpio.o(.text.HAL_GPIO_WritePin)
    [Anonymous Symbol]                       0x080010fc   Section        0  stm32f4xx_hal.o(.text.HAL_GetTick)
    [Anonymous Symbol]                       0x08001108   Section        0  stm32f4xx_hal.o(.text.HAL_IncTick)
    [Anonymous Symbol]                       0x08001124   Section        0  stm32f4xx_hal.o(.text.HAL_Init)
    [Anonymous Symbol]                       0x0800115c   Section        0  stm32f4xx_hal.o(.text.HAL_InitTick)
    [Anonymous Symbol]                       0x080011a4   Section        0  stm32f4xx_hal_msp.o(.text.HAL_MspInit)
    [Anonymous Symbol]                       0x080011dc   Section        0  stm32f4xx_hal_cortex.o(.text.HAL_NVIC_EnableIRQ)
    [Anonymous Symbol]                       0x08001204   Section        0  stm32f4xx_hal_cortex.o(.text.HAL_NVIC_SetPriority)
    [Anonymous Symbol]                       0x0800125c   Section        0  stm32f4xx_hal_cortex.o(.text.HAL_NVIC_SetPriorityGrouping)
    [Anonymous Symbol]                       0x0800127c   Section        0  stm32f4xx_hal_rcc.o(.text.HAL_RCC_ClockConfig)
    [Anonymous Symbol]                       0x080013dc   Section        0  stm32f4xx_hal_rcc.o(.text.HAL_RCC_GetSysClockFreq)
    [Anonymous Symbol]                       0x08001448   Section        0  stm32f4xx_hal_rcc.o(.text.HAL_RCC_OscConfig)
    [Anonymous Symbol]                       0x080017bc   Section        0  stm32f4xx_hal_cortex.o(.text.HAL_SYSTICK_Config)
    [Anonymous Symbol]                       0x080017e8   Section        0  stm32f4xx_hal_tim_ex.o(.text.HAL_TIMEx_MasterConfigSynchronization)
    [Anonymous Symbol]                       0x080018a0   Section        0  stm32f4xx_hal_tim.o(.text.HAL_TIM_Base_Init)
    [Anonymous Symbol]                       0x080018fc   Section        0  tim.o(.text.HAL_TIM_Base_MspInit)
    [Anonymous Symbol]                       0x08001934   Section        0  stm32f4xx_hal_tim.o(.text.HAL_TIM_Base_Start)
    [Anonymous Symbol]                       0x080019d8   Section        0  stm32f4xx_hal_tim.o(.text.HAL_TIM_Base_Start_IT)
    [Anonymous Symbol]                       0x08001a84   Section        0  stm32f4xx_hal_tim.o(.text.HAL_TIM_Base_Stop)
    [Anonymous Symbol]                       0x08001ab8   Section        0  stm32f4xx_it.o(.text.HardFault_Handler)
    [Anonymous Symbol]                       0x08001abc   Section        0  dac.o(.text.MX_DAC_Init)
    [Anonymous Symbol]                       0x08001b04   Section        0  dma.o(.text.MX_DMA_Init)
    [Anonymous Symbol]                       0x08001b3c   Section        0  gpio.o(.text.MX_GPIO_Init)
    [Anonymous Symbol]                       0x08001c50   Section        0  tim.o(.text.MX_TIM6_Init)
    [Anonymous Symbol]                       0x08001ca4   Section        0  stm32f4xx_it.o(.text.MemManage_Handler)
    [Anonymous Symbol]                       0x08001ca8   Section        0  stm32f4xx_it.o(.text.NMI_Handler)
    [Anonymous Symbol]                       0x08001cac   Section        0  stm32f4xx_it.o(.text.PendSV_Handler)
    [Anonymous Symbol]                       0x08001cb0   Section        0  stm32f4xx_it.o(.text.SVC_Handler)
    [Anonymous Symbol]                       0x08001cb4   Section        0  stm32f4xx_it.o(.text.SysTick_Handler)
    [Anonymous Symbol]                       0x08001cb8   Section        0  system_stm32f4xx.o(.text.SystemInit)
    [Anonymous Symbol]                       0x08001ccc   Section        0  stm32f4xx_hal_tim.o(.text.TIM_Base_SetConfig)
    [Anonymous Symbol]                       0x08001e08   Section        0  stm32f4xx_it.o(.text.UsageFault_Handler)
    [Anonymous Symbol]                       0x08001e10   Section        0  main.o(.text.dds_calculate_sin)
    [Anonymous Symbol]                       0x08002240   Section        0  main.o(.text.dds_calculate_square)
    [Anonymous Symbol]                       0x08002328   Section        0  main.o(.text.main)
    [Anonymous Symbol]                       0x08002460   Section        0  main.o(.text.reset_DMA)
    i.__ARM_fpclassify                       0x08002820   Section        0  fpclassify.o(i.__ARM_fpclassify)
    i.__hardfp_sin                           0x08002850   Section        0  sin.o(i.__hardfp_sin)
    i.__ieee754_rem_pio2                     0x08002918   Section        0  rred.o(i.__ieee754_rem_pio2)
    i.__kernel_cos                           0x08002d50   Section        0  cos_i.o(i.__kernel_cos)
    i.__kernel_poly                          0x08002ec0   Section        0  poly.o(i.__kernel_poly)
    i.__kernel_sin                           0x08002fb8   Section        0  sin_i.o(i.__kernel_sin)
    i.__mathlib_dbl_infnan                   0x080030e8   Section        0  dunder.o(i.__mathlib_dbl_infnan)
    i.__mathlib_dbl_invalid                  0x08003100   Section        0  dunder.o(i.__mathlib_dbl_invalid)
    i.__mathlib_dbl_underflow                0x08003120   Section        0  dunder.o(i.__mathlib_dbl_underflow)
    i.fabs                                   0x08003140   Section        0  fabs.o(i.fabs)
    $v0                                      0x08003158   Number         0  basic.o(x$fpl$basic)
    x$fpl$basic                              0x08003158   Section       24  basic.o(x$fpl$basic)
    $v0                                      0x08003170   Number         0  d2f.o(x$fpl$d2f)
    x$fpl$d2f                                0x08003170   Section       98  d2f.o(x$fpl$d2f)
    $v0                                      0x080031d4   Number         0  daddsub_clz.o(x$fpl$dadd)
    x$fpl$dadd                               0x080031d4   Section      336  daddsub_clz.o(x$fpl$dadd)
    _dadd1                                   0x080031e5   Thumb Code     0  daddsub_clz.o(x$fpl$dadd)
    $v0                                      0x08003324   Number         0  dcmpi.o(x$fpl$dcmpinf)
    x$fpl$dcmpinf                            0x08003324   Section       24  dcmpi.o(x$fpl$dcmpinf)
    $v0                                      0x0800333c   Number         0  ddiv.o(x$fpl$ddiv)
    x$fpl$ddiv                               0x0800333c   Section      692  ddiv.o(x$fpl$ddiv)
    ddiv_entry                               0x08003343   Thumb Code     0  ddiv.o(x$fpl$ddiv)
    $v0                                      0x080035f0   Number         0  deqf.o(x$fpl$deqf)
    x$fpl$deqf                               0x080035f0   Section      120  deqf.o(x$fpl$deqf)
    $v0                                      0x08003668   Number         0  dfix.o(x$fpl$dfix)
    x$fpl$dfix                               0x08003668   Section       94  dfix.o(x$fpl$dfix)
    $v0                                      0x080036c6   Number         0  dflt_clz.o(x$fpl$dflt)
    x$fpl$dflt                               0x080036c6   Section       46  dflt_clz.o(x$fpl$dflt)
    $v0                                      0x080036f4   Number         0  dflt_clz.o(x$fpl$dfltu)
    x$fpl$dfltu                              0x080036f4   Section       38  dflt_clz.o(x$fpl$dfltu)
    $v0                                      0x0800371c   Number         0  dgeqf.o(x$fpl$dgeqf)
    x$fpl$dgeqf                              0x0800371c   Section      120  dgeqf.o(x$fpl$dgeqf)
    $v0                                      0x08003794   Number         0  dleqf.o(x$fpl$dleqf)
    x$fpl$dleqf                              0x08003794   Section      120  dleqf.o(x$fpl$dleqf)
    $v0                                      0x0800380c   Number         0  dmul.o(x$fpl$dmul)
    x$fpl$dmul                               0x0800380c   Section      340  dmul.o(x$fpl$dmul)
    $v0                                      0x08003960   Number         0  dnaninf.o(x$fpl$dnaninf)
    x$fpl$dnaninf                            0x08003960   Section      156  dnaninf.o(x$fpl$dnaninf)
    $v0                                      0x080039fc   Number         0  dretinf.o(x$fpl$dretinf)
    x$fpl$dretinf                            0x080039fc   Section       12  dretinf.o(x$fpl$dretinf)
    $v0                                      0x08003a08   Number         0  daddsub_clz.o(x$fpl$drsb)
    x$fpl$drsb                               0x08003a08   Section       22  daddsub_clz.o(x$fpl$drsb)
    $v0                                      0x08003a20   Number         0  daddsub_clz.o(x$fpl$dsub)
    x$fpl$dsub                               0x08003a20   Section      476  daddsub_clz.o(x$fpl$dsub)
    _dsub1                                   0x08003a31   Thumb Code     0  daddsub_clz.o(x$fpl$dsub)
    $v0                                      0x08003bfc   Number         0  dcmp.o(x$fpl$fcmp)
    x$fpl$fcmp                               0x08003bfc   Section       84  dcmp.o(x$fpl$fcmp)
    $v0                                      0x08003c50   Number         0  fpinit.o(x$fpl$fpinit)
    x$fpl$fpinit                             0x08003c50   Section       26  fpinit.o(x$fpl$fpinit)
    $v0                                      0x08003c6a   Number         0  fretinf.o(x$fpl$fretinf)
    x$fpl$fretinf                            0x08003c6a   Section       10  fretinf.o(x$fpl$fretinf)
    x$fpl$usenofp                            0x08003c74   Section        0  usenofp.o(x$fpl$usenofp)
    C                                        0x08003c78   Data          48  cos_i.o(.constdata)
    .constdata                               0x08003c78   Section       48  cos_i.o(.constdata)
    pio2s                                    0x08003ca8   Data          48  rred.o(.constdata)
    .constdata                               0x08003ca8   Section      204  rred.o(.constdata)
    twooverpi                                0x08003cd8   Data         156  rred.o(.constdata)
    S                                        0x08003d78   Data          40  sin_i.o(.constdata)
    .constdata                               0x08003d78   Section       40  sin_i.o(.constdata)
    DMA_CalcBaseAndBitshift.flagBitshiftOffset 0x08003db0   Data           8  stm32f4xx_hal_dma.o(.rodata.cst8)
    [Anonymous Symbol]                       0x08003db0   Section        0  stm32f4xx_hal_dma.o(.rodata.cst8)
    .L_MergedGlobals                         0x20000000   Data          24  main.o(.data..L_MergedGlobals)
    [Anonymous Symbol]                       0x20000000   Section        0  main.o(.data..L_MergedGlobals)
    .L_MergedGlobals                         0x20000018   Data           8  stm32f4xx_hal.o(.data..L_MergedGlobals)
    [Anonymous Symbol]                       0x20000018   Section        0  stm32f4xx_hal.o(.data..L_MergedGlobals)
    .bss                                     0x20000028   Section       96  libspace.o(.bss)
    .L_MergedGlobals.1                       0x20000088   Data          24  main.o(.bss..L_MergedGlobals.1)
    [Anonymous Symbol]                       0x20000088   Section        0  main.o(.bss..L_MergedGlobals.1)
    Heap_Mem                                 0x200002f0   Data         512  startup_stm32f407xx.o(HEAP)
    HEAP                                     0x200002f0   Section      512  startup_stm32f407xx.o(HEAP)
    Stack_Mem                                0x200004f0   Data        1024  startup_stm32f407xx.o(STACK)
    STACK                                    0x200004f0   Section     1024  startup_stm32f407xx.o(STACK)
    __initial_sp                             0x200008f0   Data           0  startup_stm32f407xx.o(STACK)

    Global Symbols

    Symbol Name                              Value     Ov Type        Size  Object(Section)

    BuildAttributes$$THM_ISAv4$E$P$D$K$B$S$7EM$VFPi3$EXTD16$VFPS$VFMA$PE$A:L22UL41UL21$X:L11$S22US41US21$IEEE1$IW$~IW$USESV6$~STKCKD$USESV7$~SHL$OTIME$ROPI$IEEEX$EBA8$UX$STANDARDLIB$REQ8$PRES8$EABIv2 0x00000000   Number         0  anon$$obj.o ABSOLUTE
    __ARM_exceptions_init                     - Undefined Weak Reference
    __alloca_initialize                       - Undefined Weak Reference
    __arm_preinit_                            - Undefined Weak Reference
    __arm_relocate_pie_                       - Undefined Weak Reference
    __cpp_initialize__aeabi_                  - Undefined Weak Reference
    __cxa_finalize                            - Undefined Weak Reference
    __rt_locale                               - Undefined Weak Reference
    __sigvec_lookup                           - Undefined Weak Reference
    _atexit_init                              - Undefined Weak Reference
    _call_atexit_fns                          - Undefined Weak Reference
    _clock_init                               - Undefined Weak Reference
    _fp_trap_init                             - Undefined Weak Reference
    _fp_trap_shutdown                         - Undefined Weak Reference
    _get_lc_collate                           - Undefined Weak Reference
    _get_lc_ctype                             - Undefined Weak Reference
    _get_lc_monetary                          - Undefined Weak Reference
    _get_lc_numeric                           - Undefined Weak Reference
    _get_lc_time                              - Undefined Weak Reference
    _getenv_init                              - Undefined Weak Reference
    _handle_redirection                       - Undefined Weak Reference
    _init_alloc                               - Undefined Weak Reference
    _init_user_alloc                          - Undefined Weak Reference
    _initio                                   - Undefined Weak Reference
    _rand_init                                - Undefined Weak Reference
    _signal_finish                            - Undefined Weak Reference
    _signal_init                              - Undefined Weak Reference
    _terminate_alloc                          - Undefined Weak Reference
    _terminate_user_alloc                     - Undefined Weak Reference
    _terminateio                              - Undefined Weak Reference
    __Vectors_Size                           0x00000188   Number         0  startup_stm32f407xx.o ABSOLUTE
    __Vectors                                0x08000000   Data           4  startup_stm32f407xx.o(RESET)
    __Vectors_End                            0x08000188   Data           0  startup_stm32f407xx.o(RESET)
    __main                                   0x08000189   Thumb Code     8  __main.o(!!!main)
    __scatterload                            0x08000191   Thumb Code     0  __scatter.o(!!!scatter)
    __scatterload_rt2                        0x08000191   Thumb Code    44  __scatter.o(!!!scatter)
    __scatterload_rt2_thumb_only             0x08000191   Thumb Code     0  __scatter.o(!!!scatter)
    __scatterload_null                       0x0800019f   Thumb Code     0  __scatter.o(!!!scatter)
    __scatterload_copy                       0x080001c5   Thumb Code    26  __scatter_copy.o(!!handler_copy)
    __scatterload_zeroinit                   0x080001e1   Thumb Code    28  __scatter_zi.o(!!handler_zi)
    __rt_lib_init                            0x080001fd   Thumb Code     0  libinit.o(.ARM.Collect$$libinit$$00000000)
    __rt_lib_init_fp_1                       0x080001ff   Thumb Code     0  libinit2.o(.ARM.Collect$$libinit$$00000001)
    __rt_lib_init_alloca_1                   0x08000203   Thumb Code     0  libinit2.o(.ARM.Collect$$libinit$$00000030)
    __rt_lib_init_argv_1                     0x08000203   Thumb Code     0  libinit2.o(.ARM.Collect$$libinit$$0000002E)
    __rt_lib_init_atexit_1                   0x08000203   Thumb Code     0  libinit2.o(.ARM.Collect$$libinit$$0000001D)
    __rt_lib_init_clock_1                    0x08000203   Thumb Code     0  libinit2.o(.ARM.Collect$$libinit$$00000023)
    __rt_lib_init_cpp_1                      0x08000203   Thumb Code     0  libinit2.o(.ARM.Collect$$libinit$$00000034)
    __rt_lib_init_exceptions_1               0x08000203   Thumb Code     0  libinit2.o(.ARM.Collect$$libinit$$00000032)
    __rt_lib_init_fp_trap_1                  0x08000203   Thumb Code     0  libinit2.o(.ARM.Collect$$libinit$$00000021)
    __rt_lib_init_getenv_1                   0x08000203   Thumb Code     0  libinit2.o(.ARM.Collect$$libinit$$00000025)
    __rt_lib_init_heap_1                     0x08000203   Thumb Code     0  libinit2.o(.ARM.Collect$$libinit$$0000000C)
    __rt_lib_init_lc_collate_1               0x08000203   Thumb Code     0  libinit2.o(.ARM.Collect$$libinit$$00000013)
    __rt_lib_init_lc_ctype_1                 0x08000203   Thumb Code     0  libinit2.o(.ARM.Collect$$libinit$$00000015)
    __rt_lib_init_lc_monetary_1              0x08000203   Thumb Code     0  libinit2.o(.ARM.Collect$$libinit$$00000017)
    __rt_lib_init_lc_numeric_1               0x08000203   Thumb Code     0  libinit2.o(.ARM.Collect$$libinit$$00000019)
    __rt_lib_init_lc_time_1                  0x08000203   Thumb Code     0  libinit2.o(.ARM.Collect$$libinit$$0000001B)
    __rt_lib_init_preinit_1                  0x08000203   Thumb Code     0  libinit2.o(.ARM.Collect$$libinit$$00000006)
    __rt_lib_init_rand_1                     0x08000203   Thumb Code     0  libinit2.o(.ARM.Collect$$libinit$$00000010)
    __rt_lib_init_relocate_pie_1             0x08000203   Thumb Code     0  libinit2.o(.ARM.Collect$$libinit$$00000004)
    __rt_lib_init_return                     0x08000203   Thumb Code     0  libinit2.o(.ARM.Collect$$libinit$$00000035)
    __rt_lib_init_signal_1                   0x08000203   Thumb Code     0  libinit2.o(.ARM.Collect$$libinit$$0000001F)
    __rt_lib_init_stdio_1                    0x08000203   Thumb Code     0  libinit2.o(.ARM.Collect$$libinit$$00000027)
    __rt_lib_init_user_alloc_1               0x08000203   Thumb Code     0  libinit2.o(.ARM.Collect$$libinit$$0000000E)
    __rt_lib_shutdown                        0x08000205   Thumb Code     0  libshutdown.o(.ARM.Collect$$libshutdown$$00000000)
    __rt_lib_shutdown_cpp_1                  0x08000207   Thumb Code     0  libshutdown2.o(.ARM.Collect$$libshutdown$$00000002)
    __rt_lib_shutdown_fp_trap_1              0x08000207   Thumb Code     0  libshutdown2.o(.ARM.Collect$$libshutdown$$00000007)
    __rt_lib_shutdown_heap_1                 0x08000207   Thumb Code     0  libshutdown2.o(.ARM.Collect$$libshutdown$$0000000F)
    __rt_lib_shutdown_return                 0x08000207   Thumb Code     0  libshutdown2.o(.ARM.Collect$$libshutdown$$00000010)
    __rt_lib_shutdown_signal_1               0x08000207   Thumb Code     0  libshutdown2.o(.ARM.Collect$$libshutdown$$0000000A)
    __rt_lib_shutdown_stdio_1                0x08000207   Thumb Code     0  libshutdown2.o(.ARM.Collect$$libshutdown$$00000004)
    __rt_lib_shutdown_user_alloc_1           0x08000207   Thumb Code     0  libshutdown2.o(.ARM.Collect$$libshutdown$$0000000C)
    __rt_entry                               0x08000209   Thumb Code     0  __rtentry.o(.ARM.Collect$$rtentry$$00000000)
    __rt_entry_presh_1                       0x08000209   Thumb Code     0  __rtentry2.o(.ARM.Collect$$rtentry$$00000002)
    __rt_entry_sh                            0x08000209   Thumb Code     0  __rtentry4.o(.ARM.Collect$$rtentry$$00000004)
    __rt_entry_li                            0x0800020f   Thumb Code     0  __rtentry2.o(.ARM.Collect$$rtentry$$0000000A)
    __rt_entry_postsh_1                      0x0800020f   Thumb Code     0  __rtentry2.o(.ARM.Collect$$rtentry$$00000009)
    __rt_entry_main                          0x08000213   Thumb Code     0  __rtentry2.o(.ARM.Collect$$rtentry$$0000000D)
    __rt_entry_postli_1                      0x08000213   Thumb Code     0  __rtentry2.o(.ARM.Collect$$rtentry$$0000000C)
    __rt_exit                                0x0800021b   Thumb Code     0  rtexit.o(.ARM.Collect$$rtexit$$00000000)
    __rt_exit_ls                             0x0800021d   Thumb Code     0  rtexit2.o(.ARM.Collect$$rtexit$$00000003)
    __rt_exit_prels_1                        0x0800021d   Thumb Code     0  rtexit2.o(.ARM.Collect$$rtexit$$00000002)
    __rt_exit_exit                           0x08000221   Thumb Code     0  rtexit2.o(.ARM.Collect$$rtexit$$00000004)
    Reset_Handler                            0x08000229   Thumb Code     8  startup_stm32f407xx.o(.text)
    ADC_IRQHandler                           0x08000243   Thumb Code     0  startup_stm32f407xx.o(.text)
    CAN1_RX0_IRQHandler                      0x08000243   Thumb Code     0  startup_stm32f407xx.o(.text)
    CAN1_RX1_IRQHandler                      0x08000243   Thumb Code     0  startup_stm32f407xx.o(.text)
    CAN1_SCE_IRQHandler                      0x08000243   Thumb Code     0  startup_stm32f407xx.o(.text)
    CAN1_TX_IRQHandler                       0x08000243   Thumb Code     0  startup_stm32f407xx.o(.text)
    CAN2_RX0_IRQHandler                      0x08000243   Thumb Code     0  startup_stm32f407xx.o(.text)
    CAN2_RX1_IRQHandler                      0x08000243   Thumb Code     0  startup_stm32f407xx.o(.text)
    CAN2_SCE_IRQHandler                      0x08000243   Thumb Code     0  startup_stm32f407xx.o(.text)
    CAN2_TX_IRQHandler                       0x08000243   Thumb Code     0  startup_stm32f407xx.o(.text)
    DCMI_IRQHandler                          0x08000243   Thumb Code     0  startup_stm32f407xx.o(.text)
    DMA1_Stream0_IRQHandler                  0x08000243   Thumb Code     0  startup_stm32f407xx.o(.text)
    DMA1_Stream1_IRQHandler                  0x08000243   Thumb Code     0  startup_stm32f407xx.o(.text)
    DMA1_Stream2_IRQHandler                  0x08000243   Thumb Code     0  startup_stm32f407xx.o(.text)
    DMA1_Stream3_IRQHandler                  0x08000243   Thumb Code     0  startup_stm32f407xx.o(.text)
    DMA1_Stream4_IRQHandler                  0x08000243   Thumb Code     0  startup_stm32f407xx.o(.text)
    DMA1_Stream6_IRQHandler                  0x08000243   Thumb Code     0  startup_stm32f407xx.o(.text)
    DMA1_Stream7_IRQHandler                  0x08000243   Thumb Code     0  startup_stm32f407xx.o(.text)
    DMA2_Stream0_IRQHandler                  0x08000243   Thumb Code     0  startup_stm32f407xx.o(.text)
    DMA2_Stream1_IRQHandler                  0x08000243   Thumb Code     0  startup_stm32f407xx.o(.text)
    DMA2_Stream2_IRQHandler                  0x08000243   Thumb Code     0  startup_stm32f407xx.o(.text)
    DMA2_Stream3_IRQHandler                  0x08000243   Thumb Code     0  startup_stm32f407xx.o(.text)
    DMA2_Stream4_IRQHandler                  0x08000243   Thumb Code     0  startup_stm32f407xx.o(.text)
    DMA2_Stream5_IRQHandler                  0x08000243   Thumb Code     0  startup_stm32f407xx.o(.text)
    DMA2_Stream6_IRQHandler                  0x08000243   Thumb Code     0  startup_stm32f407xx.o(.text)
    DMA2_Stream7_IRQHandler                  0x08000243   Thumb Code     0  startup_stm32f407xx.o(.text)
    ETH_IRQHandler                           0x08000243   Thumb Code     0  startup_stm32f407xx.o(.text)
    ETH_WKUP_IRQHandler                      0x08000243   Thumb Code     0  startup_stm32f407xx.o(.text)
    EXTI0_IRQHandler                         0x08000243   Thumb Code     0  startup_stm32f407xx.o(.text)
    EXTI1_IRQHandler                         0x08000243   Thumb Code     0  startup_stm32f407xx.o(.text)
    EXTI2_IRQHandler                         0x08000243   Thumb Code     0  startup_stm32f407xx.o(.text)
    EXTI3_IRQHandler                         0x08000243   Thumb Code     0  startup_stm32f407xx.o(.text)
    EXTI4_IRQHandler                         0x08000243   Thumb Code     0  startup_stm32f407xx.o(.text)
    FLASH_IRQHandler                         0x08000243   Thumb Code     0  startup_stm32f407xx.o(.text)
    FMC_IRQHandler                           0x08000243   Thumb Code     0  startup_stm32f407xx.o(.text)
    FPU_IRQHandler                           0x08000243   Thumb Code     0  startup_stm32f407xx.o(.text)
    HASH_RNG_IRQHandler                      0x08000243   Thumb Code     0  startup_stm32f407xx.o(.text)
    I2C1_ER_IRQHandler                       0x08000243   Thumb Code     0  startup_stm32f407xx.o(.text)
    I2C1_EV_IRQHandler                       0x08000243   Thumb Code     0  startup_stm32f407xx.o(.text)
    I2C2_ER_IRQHandler                       0x08000243   Thumb Code     0  startup_stm32f407xx.o(.text)
    I2C2_EV_IRQHandler                       0x08000243   Thumb Code     0  startup_stm32f407xx.o(.text)
    I2C3_ER_IRQHandler                       0x08000243   Thumb Code     0  startup_stm32f407xx.o(.text)
    I2C3_EV_IRQHandler                       0x08000243   Thumb Code     0  startup_stm32f407xx.o(.text)
    OTG_FS_IRQHandler                        0x08000243   Thumb Code     0  startup_stm32f407xx.o(.text)
    OTG_FS_WKUP_IRQHandler                   0x08000243   Thumb Code     0  startup_stm32f407xx.o(.text)
    OTG_HS_EP1_IN_IRQHandler                 0x08000243   Thumb Code     0  startup_stm32f407xx.o(.text)
    OTG_HS_EP1_OUT_IRQHandler                0x08000243   Thumb Code     0  startup_stm32f407xx.o(.text)
    OTG_HS_IRQHandler                        0x08000243   Thumb Code     0  startup_stm32f407xx.o(.text)
    OTG_HS_WKUP_IRQHandler                   0x08000243   Thumb Code     0  startup_stm32f407xx.o(.text)
    PVD_IRQHandler                           0x08000243   Thumb Code     0  startup_stm32f407xx.o(.text)
    RCC_IRQHandler                           0x08000243   Thumb Code     0  startup_stm32f407xx.o(.text)
    RTC_Alarm_IRQHandler                     0x08000243   Thumb Code     0  startup_stm32f407xx.o(.text)
    RTC_WKUP_IRQHandler                      0x08000243   Thumb Code     0  startup_stm32f407xx.o(.text)
    SDIO_IRQHandler                          0x08000243   Thumb Code     0  startup_stm32f407xx.o(.text)
    SPI1_IRQHandler                          0x08000243   Thumb Code     0  startup_stm32f407xx.o(.text)
    SPI2_IRQHandler                          0x08000243   Thumb Code     0  startup_stm32f407xx.o(.text)
    SPI3_IRQHandler                          0x08000243   Thumb Code     0  startup_stm32f407xx.o(.text)
    TAMP_STAMP_IRQHandler                    0x08000243   Thumb Code     0  startup_stm32f407xx.o(.text)
    TIM1_BRK_TIM9_IRQHandler                 0x08000243   Thumb Code     0  startup_stm32f407xx.o(.text)
    TIM1_CC_IRQHandler                       0x08000243   Thumb Code     0  startup_stm32f407xx.o(.text)
    TIM1_TRG_COM_TIM11_IRQHandler            0x08000243   Thumb Code     0  startup_stm32f407xx.o(.text)
    TIM1_UP_TIM10_IRQHandler                 0x08000243   Thumb Code     0  startup_stm32f407xx.o(.text)
    TIM2_IRQHandler                          0x08000243   Thumb Code     0  startup_stm32f407xx.o(.text)
    TIM3_IRQHandler                          0x08000243   Thumb Code     0  startup_stm32f407xx.o(.text)
    TIM4_IRQHandler                          0x08000243   Thumb Code     0  startup_stm32f407xx.o(.text)
    TIM5_IRQHandler                          0x08000243   Thumb Code     0  startup_stm32f407xx.o(.text)
    TIM6_DAC_IRQHandler                      0x08000243   Thumb Code     0  startup_stm32f407xx.o(.text)
    TIM7_IRQHandler                          0x08000243   Thumb Code     0  startup_stm32f407xx.o(.text)
    TIM8_BRK_TIM12_IRQHandler                0x08000243   Thumb Code     0  startup_stm32f407xx.o(.text)
    TIM8_CC_IRQHandler                       0x08000243   Thumb Code     0  startup_stm32f407xx.o(.text)
    TIM8_TRG_COM_TIM14_IRQHandler            0x08000243   Thumb Code     0  startup_stm32f407xx.o(.text)
    TIM8_UP_TIM13_IRQHandler                 0x08000243   Thumb Code     0  startup_stm32f407xx.o(.text)
    UART4_IRQHandler                         0x08000243   Thumb Code     0  startup_stm32f407xx.o(.text)
    UART5_IRQHandler                         0x08000243   Thumb Code     0  startup_stm32f407xx.o(.text)
    USART1_IRQHandler                        0x08000243   Thumb Code     0  startup_stm32f407xx.o(.text)
    USART2_IRQHandler                        0x08000243   Thumb Code     0  startup_stm32f407xx.o(.text)
    USART3_IRQHandler                        0x08000243   Thumb Code     0  startup_stm32f407xx.o(.text)
    USART6_IRQHandler                        0x08000243   Thumb Code     0  startup_stm32f407xx.o(.text)
    WWDG_IRQHandler                          0x08000243   Thumb Code     0  startup_stm32f407xx.o(.text)
    __user_initial_stackheap                 0x08000245   Thumb Code     0  startup_stm32f407xx.o(.text)
    __aeabi_uldivmod                         0x08000269   Thumb Code     0  lludivv7m.o(.text)
    _ll_udiv                                 0x08000269   Thumb Code   240  lludivv7m.o(.text)
    __aeabi_memclr4                          0x08000359   Thumb Code     0  rt_memclr_w.o(.text)
    __aeabi_memclr8                          0x08000359   Thumb Code     0  rt_memclr_w.o(.text)
    __rt_memclr_w                            0x08000359   Thumb Code     0  rt_memclr_w.o(.text)
    _memset_w                                0x0800035d   Thumb Code    74  rt_memclr_w.o(.text)
    __use_two_region_memory                  0x080003a7   Thumb Code     2  heapauxi.o(.text)
    __rt_heap_escrow$2region                 0x080003a9   Thumb Code     2  heapauxi.o(.text)
    __rt_heap_expand$2region                 0x080003ab   Thumb Code     2  heapauxi.o(.text)
    __read_errno                             0x080003ad   Thumb Code    10  _rserrno.o(.text)
    __set_errno                              0x080003b7   Thumb Code    12  _rserrno.o(.text)
    __aeabi_errno_addr                       0x080003c5   Thumb Code     8  rt_errno_addr_intlibspace.o(.text)
    __errno$intlibspace                      0x080003c5   Thumb Code     0  rt_errno_addr_intlibspace.o(.text)
    __rt_errno_addr$intlibspace              0x080003c5   Thumb Code     0  rt_errno_addr_intlibspace.o(.text)
    __user_libspace                          0x080003cd   Thumb Code     8  libspace.o(.text)
    __user_perproc_libspace                  0x080003cd   Thumb Code     0  libspace.o(.text)
    __user_perthread_libspace                0x080003cd   Thumb Code     0  libspace.o(.text)
    __user_setup_stackheap                   0x080003d5   Thumb Code    74  sys_stackheap_outer.o(.text)
    exit                                     0x0800041f   Thumb Code    18  exit.o(.text)
    _sys_exit                                0x08000431   Thumb Code     8  sys_exit.o(.text)
    __I$use$semihosting                      0x0800043d   Thumb Code     0  use_no_semi.o(.text)
    __use_no_semihosting_swi                 0x0800043d   Thumb Code     2  use_no_semi.o(.text)
    __semihosting_library_function           0x0800043f   Thumb Code     0  indicate_semi.o(.text)
    BusFault_Handler                         0x08000441   Thumb Code     2  stm32f4xx_it.o(.text.BusFault_Handler)
    DAC_DMAConvCpltCh1                       0x08000445   Thumb Code    16  stm32f4xx_hal_dac.o(.text.DAC_DMAConvCpltCh1)
    DAC_DMAConvCpltCh2                       0x08000455   Thumb Code    16  stm32f4xx_hal_dac_ex.o(.text.DAC_DMAConvCpltCh2)
    DAC_DMAErrorCh1                          0x08000465   Thumb Code    24  stm32f4xx_hal_dac.o(.text.DAC_DMAErrorCh1)
    DAC_DMAErrorCh2                          0x0800047d   Thumb Code    24  stm32f4xx_hal_dac_ex.o(.text.DAC_DMAErrorCh2)
    DAC_DMAHalfConvCpltCh1                   0x08000495   Thumb Code     6  stm32f4xx_hal_dac.o(.text.DAC_DMAHalfConvCpltCh1)
    DAC_DMAHalfConvCpltCh2                   0x0800049d   Thumb Code     6  stm32f4xx_hal_dac_ex.o(.text.DAC_DMAHalfConvCpltCh2)
    DMA1_Stream5_IRQHandler                  0x080004a5   Thumb Code    12  stm32f4xx_it.o(.text.DMA1_Stream5_IRQHandler)
    DebugMon_Handler                         0x080004b1   Thumb Code     2  stm32f4xx_it.o(.text.DebugMon_Handler)
    EXTI15_10_IRQHandler                     0x080004b5   Thumb Code    30  stm32f4xx_it.o(.text.EXTI15_10_IRQHandler)
    EXTI9_5_IRQHandler                       0x080004d5   Thumb Code    22  stm32f4xx_it.o(.text.EXTI9_5_IRQHandler)
    Error_Handler                            0x080004ed   Thumb Code    10  main.o(.text.Error_Handler)
    HAL_DACEx_ConvCpltCallbackCh2            0x080004f9   Thumb Code     2  stm32f4xx_hal_dac_ex.o(.text.HAL_DACEx_ConvCpltCallbackCh2)
    HAL_DACEx_ConvHalfCpltCallbackCh2        0x080004fd   Thumb Code     2  stm32f4xx_hal_dac_ex.o(.text.HAL_DACEx_ConvHalfCpltCallbackCh2)
    HAL_DACEx_ErrorCallbackCh2               0x08000501   Thumb Code     2  stm32f4xx_hal_dac_ex.o(.text.HAL_DACEx_ErrorCallbackCh2)
    HAL_DAC_ConfigChannel                    0x08000505   Thumb Code    76  stm32f4xx_hal_dac.o(.text.HAL_DAC_ConfigChannel)
    HAL_DAC_ConvCpltCallbackCh1              0x08000551   Thumb Code     2  stm32f4xx_hal_dac.o(.text.HAL_DAC_ConvCpltCallbackCh1)
    HAL_DAC_ConvHalfCpltCallbackCh1          0x08000555   Thumb Code     2  stm32f4xx_hal_dac.o(.text.HAL_DAC_ConvHalfCpltCallbackCh1)
    HAL_DAC_ErrorCallbackCh1                 0x08000559   Thumb Code     2  stm32f4xx_hal_dac.o(.text.HAL_DAC_ErrorCallbackCh1)
    HAL_DAC_Init                             0x0800055d   Thumb Code    40  stm32f4xx_hal_dac.o(.text.HAL_DAC_Init)
    HAL_DAC_MspInit                          0x08000585   Thumb Code   178  dac.o(.text.HAL_DAC_MspInit)
    HAL_DAC_Start_DMA                        0x08000639   Thumb Code   266  stm32f4xx_hal_dac.o(.text.HAL_DAC_Start_DMA)
    HAL_DAC_Stop_DMA                         0x08000745   Thumb Code    80  stm32f4xx_hal_dac.o(.text.HAL_DAC_Stop_DMA)
    HAL_DMA_Abort                            0x08000795   Thumb Code   142  stm32f4xx_hal_dma.o(.text.HAL_DMA_Abort)
    HAL_DMA_IRQHandler                       0x08000825   Thumb Code   448  stm32f4xx_hal_dma.o(.text.HAL_DMA_IRQHandler)
    HAL_DMA_Init                             0x080009e5   Thumb Code   354  stm32f4xx_hal_dma.o(.text.HAL_DMA_Init)
    HAL_DMA_Start_IT                         0x08000b49   Thumb Code   158  stm32f4xx_hal_dma.o(.text.HAL_DMA_Start_IT)
    HAL_GPIO_EXTI_Callback                   0x08000be9   Thumb Code   840  main.o(.text.HAL_GPIO_EXTI_Callback)
    HAL_GPIO_EXTI_IRQHandler                 0x08000f31   Thumb Code    22  stm32f4xx_hal_gpio.o(.text.HAL_GPIO_EXTI_IRQHandler)
    HAL_GPIO_Init                            0x08000f49   Thumb Code   422  stm32f4xx_hal_gpio.o(.text.HAL_GPIO_Init)
    HAL_GPIO_WritePin                        0x080010f1   Thumb Code    10  stm32f4xx_hal_gpio.o(.text.HAL_GPIO_WritePin)
    HAL_GetTick                              0x080010fd   Thumb Code    12  stm32f4xx_hal.o(.text.HAL_GetTick)
    HAL_IncTick                              0x08001109   Thumb Code    26  stm32f4xx_hal.o(.text.HAL_IncTick)
    HAL_Init                                 0x08001125   Thumb Code    54  stm32f4xx_hal.o(.text.HAL_Init)
    HAL_InitTick                             0x0800115d   Thumb Code    72  stm32f4xx_hal.o(.text.HAL_InitTick)
    HAL_MspInit                              0x080011a5   Thumb Code    56  stm32f4xx_hal_msp.o(.text.HAL_MspInit)
    HAL_NVIC_EnableIRQ                       0x080011dd   Thumb Code    38  stm32f4xx_hal_cortex.o(.text.HAL_NVIC_EnableIRQ)
    HAL_NVIC_SetPriority                     0x08001205   Thumb Code    86  stm32f4xx_hal_cortex.o(.text.HAL_NVIC_SetPriority)
    HAL_NVIC_SetPriorityGrouping             0x0800125d   Thumb Code    32  stm32f4xx_hal_cortex.o(.text.HAL_NVIC_SetPriorityGrouping)
    HAL_RCC_ClockConfig                      0x0800127d   Thumb Code   352  stm32f4xx_hal_rcc.o(.text.HAL_RCC_ClockConfig)
    HAL_RCC_GetSysClockFreq                  0x080013dd   Thumb Code   106  stm32f4xx_hal_rcc.o(.text.HAL_RCC_GetSysClockFreq)
    HAL_RCC_OscConfig                        0x08001449   Thumb Code   884  stm32f4xx_hal_rcc.o(.text.HAL_RCC_OscConfig)
    HAL_SYSTICK_Config                       0x080017bd   Thumb Code    44  stm32f4xx_hal_cortex.o(.text.HAL_SYSTICK_Config)
    HAL_TIMEx_MasterConfigSynchronization    0x080017e9   Thumb Code   182  stm32f4xx_hal_tim_ex.o(.text.HAL_TIMEx_MasterConfigSynchronization)
    HAL_TIM_Base_Init                        0x080018a1   Thumb Code    90  stm32f4xx_hal_tim.o(.text.HAL_TIM_Base_Init)
    HAL_TIM_Base_MspInit                     0x080018fd   Thumb Code    54  tim.o(.text.HAL_TIM_Base_MspInit)
    HAL_TIM_Base_Start                       0x08001935   Thumb Code   162  stm32f4xx_hal_tim.o(.text.HAL_TIM_Base_Start)
    HAL_TIM_Base_Start_IT                    0x080019d9   Thumb Code   170  stm32f4xx_hal_tim.o(.text.HAL_TIM_Base_Start_IT)
    HAL_TIM_Base_Stop                        0x08001a85   Thumb Code    52  stm32f4xx_hal_tim.o(.text.HAL_TIM_Base_Stop)
    HardFault_Handler                        0x08001ab9   Thumb Code     2  stm32f4xx_it.o(.text.HardFault_Handler)
    MX_DAC_Init                              0x08001abd   Thumb Code    70  dac.o(.text.MX_DAC_Init)
    MX_DMA_Init                              0x08001b05   Thumb Code    56  dma.o(.text.MX_DMA_Init)
    MX_GPIO_Init                             0x08001b3d   Thumb Code   276  gpio.o(.text.MX_GPIO_Init)
    MX_TIM6_Init                             0x08001c51   Thumb Code    84  tim.o(.text.MX_TIM6_Init)
    MemManage_Handler                        0x08001ca5   Thumb Code     2  stm32f4xx_it.o(.text.MemManage_Handler)
    NMI_Handler                              0x08001ca9   Thumb Code     2  stm32f4xx_it.o(.text.NMI_Handler)
    PendSV_Handler                           0x08001cad   Thumb Code     2  stm32f4xx_it.o(.text.PendSV_Handler)
    SVC_Handler                              0x08001cb1   Thumb Code     2  stm32f4xx_it.o(.text.SVC_Handler)
    SysTick_Handler                          0x08001cb5   Thumb Code     4  stm32f4xx_it.o(.text.SysTick_Handler)
    SystemInit                               0x08001cb9   Thumb Code    18  system_stm32f4xx.o(.text.SystemInit)
    TIM_Base_SetConfig                       0x08001ccd   Thumb Code   316  stm32f4xx_hal_tim.o(.text.TIM_Base_SetConfig)
    UsageFault_Handler                       0x08001e09   Thumb Code     2  stm32f4xx_it.o(.text.UsageFault_Handler)
    dds_calculate_sin                        0x08001e11   Thumb Code  1068  main.o(.text.dds_calculate_sin)
    dds_calculate_square                     0x08002241   Thumb Code   232  main.o(.text.dds_calculate_square)
    main                                     0x08002329   Thumb Code   312  main.o(.text.main)
    reset_DMA                                0x08002461   Thumb Code   960  main.o(.text.reset_DMA)
    __ARM_fpclassify                         0x08002821   Thumb Code    48  fpclassify.o(i.__ARM_fpclassify)
    __hardfp_sin                             0x08002851   Thumb Code   180  sin.o(i.__hardfp_sin)
    __ieee754_rem_pio2                       0x08002919   Thumb Code   938  rred.o(i.__ieee754_rem_pio2)
    __kernel_cos                             0x08002d51   Thumb Code   322  cos_i.o(i.__kernel_cos)
    __kernel_poly                            0x08002ec1   Thumb Code   248  poly.o(i.__kernel_poly)
    __kernel_sin                             0x08002fb9   Thumb Code   280  sin_i.o(i.__kernel_sin)
    __mathlib_dbl_infnan                     0x080030e9   Thumb Code    20  dunder.o(i.__mathlib_dbl_infnan)
    __mathlib_dbl_invalid                    0x08003101   Thumb Code    24  dunder.o(i.__mathlib_dbl_invalid)
    __mathlib_dbl_underflow                  0x08003121   Thumb Code    24  dunder.o(i.__mathlib_dbl_underflow)
    fabs                                     0x08003141   Thumb Code    24  fabs.o(i.fabs)
    __aeabi_dneg                             0x08003159   Thumb Code     0  basic.o(x$fpl$basic)
    _dneg                                    0x08003159   Thumb Code     6  basic.o(x$fpl$basic)
    __aeabi_fneg                             0x0800315f   Thumb Code     0  basic.o(x$fpl$basic)
    _fneg                                    0x0800315f   Thumb Code     6  basic.o(x$fpl$basic)
    _dabs                                    0x08003165   Thumb Code     6  basic.o(x$fpl$basic)
    _fabs                                    0x0800316b   Thumb Code     6  basic.o(x$fpl$basic)
    __aeabi_d2f                              0x08003171   Thumb Code     0  d2f.o(x$fpl$d2f)
    _d2f                                     0x08003171   Thumb Code    98  d2f.o(x$fpl$d2f)
    __aeabi_dadd                             0x080031d5   Thumb Code     0  daddsub_clz.o(x$fpl$dadd)
    _dadd                                    0x080031d5   Thumb Code   332  daddsub_clz.o(x$fpl$dadd)
    __fpl_dcmp_Inf                           0x08003325   Thumb Code    24  dcmpi.o(x$fpl$dcmpinf)
    __aeabi_ddiv                             0x0800333d   Thumb Code     0  ddiv.o(x$fpl$ddiv)
    _ddiv                                    0x0800333d   Thumb Code   556  ddiv.o(x$fpl$ddiv)
    __aeabi_cdcmpeq                          0x080035f1   Thumb Code     0  deqf.o(x$fpl$deqf)
    _dcmpeq                                  0x080035f1   Thumb Code   120  deqf.o(x$fpl$deqf)
    __aeabi_d2iz                             0x08003669   Thumb Code     0  dfix.o(x$fpl$dfix)
    _dfix                                    0x08003669   Thumb Code    94  dfix.o(x$fpl$dfix)
    __aeabi_i2d                              0x080036c7   Thumb Code     0  dflt_clz.o(x$fpl$dflt)
    _dflt                                    0x080036c7   Thumb Code    46  dflt_clz.o(x$fpl$dflt)
    __aeabi_ui2d                             0x080036f5   Thumb Code     0  dflt_clz.o(x$fpl$dfltu)
    _dfltu                                   0x080036f5   Thumb Code    38  dflt_clz.o(x$fpl$dfltu)
    __aeabi_cdcmpge                          0x0800371d   Thumb Code     0  dgeqf.o(x$fpl$dgeqf)
    _dcmpge                                  0x0800371d   Thumb Code   120  dgeqf.o(x$fpl$dgeqf)
    __aeabi_cdcmple                          0x08003795   Thumb Code     0  dleqf.o(x$fpl$dleqf)
    _dcmple                                  0x08003795   Thumb Code   120  dleqf.o(x$fpl$dleqf)
    __fpl_dcmple_InfNaN                      0x080037f7   Thumb Code     0  dleqf.o(x$fpl$dleqf)
    __aeabi_dmul                             0x0800380d   Thumb Code     0  dmul.o(x$fpl$dmul)
    _dmul                                    0x0800380d   Thumb Code   332  dmul.o(x$fpl$dmul)
    __fpl_dnaninf                            0x08003961   Thumb Code   156  dnaninf.o(x$fpl$dnaninf)
    __fpl_dretinf                            0x080039fd   Thumb Code    12  dretinf.o(x$fpl$dretinf)
    __aeabi_drsub                            0x08003a09   Thumb Code     0  daddsub_clz.o(x$fpl$drsb)
    _drsb                                    0x08003a09   Thumb Code    22  daddsub_clz.o(x$fpl$drsb)
    __aeabi_dsub                             0x08003a21   Thumb Code     0  daddsub_clz.o(x$fpl$dsub)
    _dsub                                    0x08003a21   Thumb Code   472  daddsub_clz.o(x$fpl$dsub)
    __aeabi_dcmpeq                           0x08003bfd   Thumb Code     0  dcmp.o(x$fpl$fcmp)
    _deq                                     0x08003bfd   Thumb Code    14  dcmp.o(x$fpl$fcmp)
    _dneq                                    0x08003c0b   Thumb Code    14  dcmp.o(x$fpl$fcmp)
    __aeabi_dcmpgt                           0x08003c19   Thumb Code     0  dcmp.o(x$fpl$fcmp)
    _dgr                                     0x08003c19   Thumb Code    14  dcmp.o(x$fpl$fcmp)
    __aeabi_dcmpge                           0x08003c27   Thumb Code     0  dcmp.o(x$fpl$fcmp)
    _dgeq                                    0x08003c27   Thumb Code    14  dcmp.o(x$fpl$fcmp)
    __aeabi_dcmple                           0x08003c35   Thumb Code     0  dcmp.o(x$fpl$fcmp)
    _dleq                                    0x08003c35   Thumb Code    14  dcmp.o(x$fpl$fcmp)
    __aeabi_dcmplt                           0x08003c43   Thumb Code     0  dcmp.o(x$fpl$fcmp)
    _dls                                     0x08003c43   Thumb Code    14  dcmp.o(x$fpl$fcmp)
    _fp_init                                 0x08003c51   Thumb Code    26  fpinit.o(x$fpl$fpinit)
    __fplib_config_fpu_vfp                   0x08003c69   Thumb Code     0  fpinit.o(x$fpl$fpinit)
    __fplib_config_pureend_doubles           0x08003c69   Thumb Code     0  fpinit.o(x$fpl$fpinit)
    __fpl_fretinf                            0x08003c6b   Thumb Code    10  fretinf.o(x$fpl$fretinf)
    __I$use$fp                               0x08003c74   Number         0  usenofp.o(x$fpl$usenofp)
    AHBPrescTable                            0x08003da0   Data          16  system_stm32f4xx.o(.rodata.AHBPrescTable)
    Region$$Table$$Base                      0x08003db8   Number         0  anon$$obj.o(Region$$Table)
    Region$$Table$$Limit                     0x08003dd8   Number         0  anon$$obj.o(Region$$Table)
    amplitude                                0x20000000   Data           4  main.o(.data..L_MergedGlobals)
    hz                                       0x20000008   Data           8  main.o(.data..L_MergedGlobals)
    duty_cycle                               0x20000010   Data           8  main.o(.data..L_MergedGlobals)
    uwTickFreq                               0x20000018   Data           1  stm32f4xx_hal.o(.data..L_MergedGlobals)
    uwTickPrio                               0x2000001c   Data           4  stm32f4xx_hal.o(.data..L_MergedGlobals)
    SystemCoreClock                          0x20000020   Data           4  system_stm32f4xx.o(.data.SystemCoreClock)
    __libspace_start                         0x20000028   Data          96  libspace.o(.bss)
    __temporary_stack_top$libspace           0x20000088   Data           0  libspace.o(.bss)
    lastTime                                 0x20000088   Data           4  main.o(.bss..L_MergedGlobals.1)
    wave                                     0x2000008c   Data           4  main.o(.bss..L_MergedGlobals.1)
    functions                                0x20000090   Data           4  main.o(.bss..L_MergedGlobals.1)
    dots                                     0x20000094   Data           4  main.o(.bss..L_MergedGlobals.1)
    current                                  0x20000098   Data           4  main.o(.bss..L_MergedGlobals.1)
    previous                                 0x2000009c   Data           4  main.o(.bss..L_MergedGlobals.1)
    hdac                                     0x200000a0   Data          20  dac.o(.bss.hdac)
    hdma_dac1                                0x200000b4   Data          96  dac.o(.bss.hdma_dac1)
    htim6                                    0x20000114   Data          72  tim.o(.bss.htim6)
    sindds                                   0x2000015c   Data         400  main.o(.bss.sindds)
    uwTick                                   0x200002ec   Data           4  stm32f4xx_hal.o(.bss.uwTick)



==============================================================================

Memory Map of the image

  Image Entry point : 0x08000189

  Load Region LR_IROM1 (Base: 0x08000000, Size: 0x00003e00, Max: 0x00080000, ABSOLUTE)

    Execution Region ER_IROM1 (Exec base: 0x08000000, Load base: 0x08000000, Size: 0x00003dd8, Max: 0x00080000, ABSOLUTE)

    Exec Addr    Load Addr    Size         Type   Attr      Idx    E Section Name        Object

    0x08000000   0x08000000   0x00000188   Data   RO            3    RESET               startup_stm32f407xx.o
    0x08000188   0x08000188   0x00000008   Code   RO          933  * !!!main             c_w.l(__main.o)
    0x08000190   0x08000190   0x00000034   Code   RO         1199    !!!scatter          c_w.l(__scatter.o)
    0x080001c4   0x080001c4   0x0000001a   Code   RO         1201    !!handler_copy      c_w.l(__scatter_copy.o)
    0x080001de   0x080001de   0x00000002   PAD
    0x080001e0   0x080001e0   0x0000001c   Code   RO         1203    !!handler_zi        c_w.l(__scatter_zi.o)
    0x080001fc   0x080001fc   0x00000002   Code   RO         1064    .ARM.Collect$$libinit$$00000000  c_w.l(libinit.o)
    0x080001fe   0x080001fe   0x00000004   Code   RO         1073    .ARM.Collect$$libinit$$00000001  c_w.l(libinit2.o)
    0x08000202   0x08000202   0x00000000   Code   RO         1076    .ARM.Collect$$libinit$$00000004  c_w.l(libinit2.o)
    0x08000202   0x08000202   0x00000000   Code   RO         1078    .ARM.Collect$$libinit$$00000006  c_w.l(libinit2.o)
    0x08000202   0x08000202   0x00000000   Code   RO         1081    .ARM.Collect$$libinit$$0000000C  c_w.l(libinit2.o)
    0x08000202   0x08000202   0x00000000   Code   RO         1083    .ARM.Collect$$libinit$$0000000E  c_w.l(libinit2.o)
    0x08000202   0x08000202   0x00000000   Code   RO         1085    .ARM.Collect$$libinit$$00000010  c_w.l(libinit2.o)
    0x08000202   0x08000202   0x00000000   Code   RO         1088    .ARM.Collect$$libinit$$00000013  c_w.l(libinit2.o)
    0x08000202   0x08000202   0x00000000   Code   RO         1090    .ARM.Collect$$libinit$$00000015  c_w.l(libinit2.o)
    0x08000202   0x08000202   0x00000000   Code   RO         1092    .ARM.Collect$$libinit$$00000017  c_w.l(libinit2.o)
    0x08000202   0x08000202   0x00000000   Code   RO         1094    .ARM.Collect$$libinit$$00000019  c_w.l(libinit2.o)
    0x08000202   0x08000202   0x00000000   Code   RO         1096    .ARM.Collect$$libinit$$0000001B  c_w.l(libinit2.o)
    0x08000202   0x08000202   0x00000000   Code   RO         1098    .ARM.Collect$$libinit$$0000001D  c_w.l(libinit2.o)
    0x08000202   0x08000202   0x00000000   Code   RO         1100    .ARM.Collect$$libinit$$0000001F  c_w.l(libinit2.o)
    0x08000202   0x08000202   0x00000000   Code   RO         1102    .ARM.Collect$$libinit$$00000021  c_w.l(libinit2.o)
    0x08000202   0x08000202   0x00000000   Code   RO         1104    .ARM.Collect$$libinit$$00000023  c_w.l(libinit2.o)
    0x08000202   0x08000202   0x00000000   Code   RO         1106    .ARM.Collect$$libinit$$00000025  c_w.l(libinit2.o)
    0x08000202   0x08000202   0x00000000   Code   RO         1108    .ARM.Collect$$libinit$$00000027  c_w.l(libinit2.o)
    0x08000202   0x08000202   0x00000000   Code   RO         1112    .ARM.Collect$$libinit$$0000002E  c_w.l(libinit2.o)
    0x08000202   0x08000202   0x00000000   Code   RO         1114    .ARM.Collect$$libinit$$00000030  c_w.l(libinit2.o)
    0x08000202   0x08000202   0x00000000   Code   RO         1116    .ARM.Collect$$libinit$$00000032  c_w.l(libinit2.o)
    0x08000202   0x08000202   0x00000000   Code   RO         1118    .ARM.Collect$$libinit$$00000034  c_w.l(libinit2.o)
    0x08000202   0x08000202   0x00000002   Code   RO         1119    .ARM.Collect$$libinit$$00000035  c_w.l(libinit2.o)
    0x08000204   0x08000204   0x00000002   Code   RO         1154    .ARM.Collect$$libshutdown$$00000000  c_w.l(libshutdown.o)
    0x08000206   0x08000206   0x00000000   Code   RO         1182    .ARM.Collect$$libshutdown$$00000002  c_w.l(libshutdown2.o)
    0x08000206   0x08000206   0x00000000   Code   RO         1184    .ARM.Collect$$libshutdown$$00000004  c_w.l(libshutdown2.o)
    0x08000206   0x08000206   0x00000000   Code   RO         1187    .ARM.Collect$$libshutdown$$00000007  c_w.l(libshutdown2.o)
    0x08000206   0x08000206   0x00000000   Code   RO         1190    .ARM.Collect$$libshutdown$$0000000A  c_w.l(libshutdown2.o)
    0x08000206   0x08000206   0x00000000   Code   RO         1192    .ARM.Collect$$libshutdown$$0000000C  c_w.l(libshutdown2.o)
    0x08000206   0x08000206   0x00000000   Code   RO         1195    .ARM.Collect$$libshutdown$$0000000F  c_w.l(libshutdown2.o)
    0x08000206   0x08000206   0x00000002   Code   RO         1196    .ARM.Collect$$libshutdown$$00000010  c_w.l(libshutdown2.o)
    0x08000208   0x08000208   0x00000000   Code   RO          967    .ARM.Collect$$rtentry$$00000000  c_w.l(__rtentry.o)
    0x08000208   0x08000208   0x00000000   Code   RO         1015    .ARM.Collect$$rtentry$$00000002  c_w.l(__rtentry2.o)
    0x08000208   0x08000208   0x00000006   Code   RO         1027    .ARM.Collect$$rtentry$$00000004  c_w.l(__rtentry4.o)
    0x0800020e   0x0800020e   0x00000000   Code   RO         1017    .ARM.Collect$$rtentry$$00000009  c_w.l(__rtentry2.o)
    0x0800020e   0x0800020e   0x00000004   Code   RO         1018    .ARM.Collect$$rtentry$$0000000A  c_w.l(__rtentry2.o)
    0x08000212   0x08000212   0x00000000   Code   RO         1020    .ARM.Collect$$rtentry$$0000000C  c_w.l(__rtentry2.o)
    0x08000212   0x08000212   0x00000008   Code   RO         1021    .ARM.Collect$$rtentry$$0000000D  c_w.l(__rtentry2.o)
    0x0800021a   0x0800021a   0x00000002   Code   RO         1065    .ARM.Collect$$rtexit$$00000000  c_w.l(rtexit.o)
    0x0800021c   0x0800021c   0x00000000   Code   RO         1125    .ARM.Collect$$rtexit$$00000002  c_w.l(rtexit2.o)
    0x0800021c   0x0800021c   0x00000004   Code   RO         1126    .ARM.Collect$$rtexit$$00000003  c_w.l(rtexit2.o)
    0x08000220   0x08000220   0x00000006   Code   RO         1127    .ARM.Collect$$rtexit$$00000004  c_w.l(rtexit2.o)
    0x08000226   0x08000226   0x00000002   PAD
    0x08000228   0x08000228   0x00000040   Code   RO            4    .text               startup_stm32f407xx.o
    0x08000268   0x08000268   0x000000f0   Code   RO          927    .text               c_w.l(lludivv7m.o)
    0x08000358   0x08000358   0x0000004e   Code   RO          929    .text               c_w.l(rt_memclr_w.o)
    0x080003a6   0x080003a6   0x00000006   Code   RO          931    .text               c_w.l(heapauxi.o)
    0x080003ac   0x080003ac   0x00000016   Code   RO          972    .text               c_w.l(_rserrno.o)
    0x080003c2   0x080003c2   0x00000002   PAD
    0x080003c4   0x080003c4   0x00000008   Code   RO         1034    .text               c_w.l(rt_errno_addr_intlibspace.o)
    0x080003cc   0x080003cc   0x00000008   Code   RO         1048    .text               c_w.l(libspace.o)
    0x080003d4   0x080003d4   0x0000004a   Code   RO         1051    .text               c_w.l(sys_stackheap_outer.o)
    0x0800041e   0x0800041e   0x00000012   Code   RO         1053    .text               c_w.l(exit.o)
    0x08000430   0x08000430   0x0000000c   Code   RO         1120    .text               c_w.l(sys_exit.o)
    0x0800043c   0x0800043c   0x00000002   Code   RO         1143    .text               c_w.l(use_no_semi.o)
    0x0800043e   0x0800043e   0x00000000   Code   RO         1145    .text               c_w.l(indicate_semi.o)
    0x0800043e   0x0800043e   0x00000002   PAD
    0x08000440   0x08000440   0x00000002   Code   RO           96    .text.BusFault_Handler  stm32f4xx_it.o
    0x08000442   0x08000442   0x00000002   PAD
    0x08000444   0x08000444   0x00000010   Code   RO          143    .text.DAC_DMAConvCpltCh1  stm32f4xx_hal_dac.o
    0x08000454   0x08000454   0x00000010   Code   RO          199    .text.DAC_DMAConvCpltCh2  stm32f4xx_hal_dac_ex.o
    0x08000464   0x08000464   0x00000018   Code   RO          147    .text.DAC_DMAErrorCh1  stm32f4xx_hal_dac.o
    0x0800047c   0x0800047c   0x00000018   Code   RO          203    .text.DAC_DMAErrorCh2  stm32f4xx_hal_dac_ex.o
    0x08000494   0x08000494   0x00000006   Code   RO          145    .text.DAC_DMAHalfConvCpltCh1  stm32f4xx_hal_dac.o
    0x0800049a   0x0800049a   0x00000002   PAD
    0x0800049c   0x0800049c   0x00000006   Code   RO          201    .text.DAC_DMAHalfConvCpltCh2  stm32f4xx_hal_dac_ex.o
    0x080004a2   0x080004a2   0x00000002   PAD
    0x080004a4   0x080004a4   0x0000000c   Code   RO          108    .text.DMA1_Stream5_IRQHandler  stm32f4xx_it.o
    0x080004b0   0x080004b0   0x00000002   Code   RO          102    .text.DebugMon_Handler  stm32f4xx_it.o
    0x080004b2   0x080004b2   0x00000002   PAD
    0x080004b4   0x080004b4   0x0000001e   Code   RO          112    .text.EXTI15_10_IRQHandler  stm32f4xx_it.o
    0x080004d2   0x080004d2   0x00000002   PAD
    0x080004d4   0x080004d4   0x00000016   Code   RO          110    .text.EXTI9_5_IRQHandler  stm32f4xx_it.o
    0x080004ea   0x080004ea   0x00000002   PAD
    0x080004ec   0x080004ec   0x0000000a   Code   RO           27    .text.Error_Handler  main.o
    0x080004f6   0x080004f6   0x00000002   PAD
    0x080004f8   0x080004f8   0x00000002   Code   RO          189    .text.HAL_DACEx_ConvCpltCallbackCh2  stm32f4xx_hal_dac_ex.o
    0x080004fa   0x080004fa   0x00000002   PAD
    0x080004fc   0x080004fc   0x00000002   Code   RO          191    .text.HAL_DACEx_ConvHalfCpltCallbackCh2  stm32f4xx_hal_dac_ex.o
    0x080004fe   0x080004fe   0x00000002   PAD
    0x08000500   0x08000500   0x00000002   Code   RO          193    .text.HAL_DACEx_ErrorCallbackCh2  stm32f4xx_hal_dac_ex.o
    0x08000502   0x08000502   0x00000002   PAD
    0x08000504   0x08000504   0x0000004c   Code   RO          165    .text.HAL_DAC_ConfigChannel  stm32f4xx_hal_dac.o
    0x08000550   0x08000550   0x00000002   Code   RO          157    .text.HAL_DAC_ConvCpltCallbackCh1  stm32f4xx_hal_dac.o
    0x08000552   0x08000552   0x00000002   PAD
    0x08000554   0x08000554   0x00000002   Code   RO          159    .text.HAL_DAC_ConvHalfCpltCallbackCh1  stm32f4xx_hal_dac.o
    0x08000556   0x08000556   0x00000002   PAD
    0x08000558   0x08000558   0x00000002   Code   RO          161    .text.HAL_DAC_ErrorCallbackCh1  stm32f4xx_hal_dac.o
    0x0800055a   0x0800055a   0x00000002   PAD
    0x0800055c   0x0800055c   0x00000028   Code   RO          129    .text.HAL_DAC_Init  stm32f4xx_hal_dac.o
    0x08000584   0x08000584   0x000000b2   Code   RO           52    .text.HAL_DAC_MspInit  dac.o
    0x08000636   0x08000636   0x00000002   PAD
    0x08000638   0x08000638   0x0000010a   Code   RO          141    .text.HAL_DAC_Start_DMA  stm32f4xx_hal_dac.o
    0x08000742   0x08000742   0x00000002   PAD
    0x08000744   0x08000744   0x00000050   Code   RO          149    .text.HAL_DAC_Stop_DMA  stm32f4xx_hal_dac.o
    0x08000794   0x08000794   0x0000008e   Code   RO          369    .text.HAL_DMA_Abort  stm32f4xx_hal_dma.o
    0x08000822   0x08000822   0x00000002   PAD
    0x08000824   0x08000824   0x000001c0   Code   RO          375    .text.HAL_DMA_IRQHandler  stm32f4xx_hal_dma.o
    0x080009e4   0x080009e4   0x00000162   Code   RO          361    .text.HAL_DMA_Init  stm32f4xx_hal_dma.o
    0x08000b46   0x08000b46   0x00000002   PAD
    0x08000b48   0x08000b48   0x0000009e   Code   RO          367    .text.HAL_DMA_Start_IT  stm32f4xx_hal_dma.o
    0x08000be6   0x08000be6   0x00000002   PAD
    0x08000be8   0x08000be8   0x00000348   Code   RO           21    .text.HAL_GPIO_EXTI_Callback  main.o
    0x08000f30   0x08000f30   0x00000016   Code   RO          335    .text.HAL_GPIO_EXTI_IRQHandler  stm32f4xx_hal_gpio.o
    0x08000f46   0x08000f46   0x00000002   PAD
    0x08000f48   0x08000f48   0x000001a6   Code   RO          323    .text.HAL_GPIO_Init  stm32f4xx_hal_gpio.o
    0x080010ee   0x080010ee   0x00000002   PAD
    0x080010f0   0x080010f0   0x0000000a   Code   RO          329    .text.HAL_GPIO_WritePin  stm32f4xx_hal_gpio.o
    0x080010fa   0x080010fa   0x00000002   PAD
    0x080010fc   0x080010fc   0x0000000c   Code   RO          514    .text.HAL_GetTick   stm32f4xx_hal.o
    0x08001108   0x08001108   0x0000001a   Code   RO          512    .text.HAL_IncTick   stm32f4xx_hal.o
    0x08001122   0x08001122   0x00000002   PAD
    0x08001124   0x08001124   0x00000036   Code   RO          502    .text.HAL_Init      stm32f4xx_hal.o
    0x0800115a   0x0800115a   0x00000002   PAD
    0x0800115c   0x0800115c   0x00000048   Code   RO          504    .text.HAL_InitTick  stm32f4xx_hal.o
    0x080011a4   0x080011a4   0x00000038   Code   RO          121    .text.HAL_MspInit   stm32f4xx_hal_msp.o
    0x080011dc   0x080011dc   0x00000026   Code   RO          460    .text.HAL_NVIC_EnableIRQ  stm32f4xx_hal_cortex.o
    0x08001202   0x08001202   0x00000002   PAD
    0x08001204   0x08001204   0x00000056   Code   RO          458    .text.HAL_NVIC_SetPriority  stm32f4xx_hal_cortex.o
    0x0800125a   0x0800125a   0x00000002   PAD
    0x0800125c   0x0800125c   0x00000020   Code   RO          456    .text.HAL_NVIC_SetPriorityGrouping  stm32f4xx_hal_cortex.o
    0x0800127c   0x0800127c   0x00000160   Code   RO          217    .text.HAL_RCC_ClockConfig  stm32f4xx_hal_rcc.o
    0x080013dc   0x080013dc   0x0000006a   Code   RO          219    .text.HAL_RCC_GetSysClockFreq  stm32f4xx_hal_rcc.o
    0x08001446   0x08001446   0x00000002   PAD
    0x08001448   0x08001448   0x00000374   Code   RO          215    .text.HAL_RCC_OscConfig  stm32f4xx_hal_rcc.o
    0x080017bc   0x080017bc   0x0000002c   Code   RO          468    .text.HAL_SYSTICK_Config  stm32f4xx_hal_cortex.o
    0x080017e8   0x080017e8   0x000000b6   Code   RO          887    .text.HAL_TIMEx_MasterConfigSynchronization  stm32f4xx_hal_tim_ex.o
    0x0800189e   0x0800189e   0x00000002   PAD
    0x080018a0   0x080018a0   0x0000005a   Code   RO          592    .text.HAL_TIM_Base_Init  stm32f4xx_hal_tim.o
    0x080018fa   0x080018fa   0x00000002   PAD
    0x080018fc   0x080018fc   0x00000036   Code   RO           77    .text.HAL_TIM_Base_MspInit  tim.o
    0x08001932   0x08001932   0x00000002   PAD
    0x08001934   0x08001934   0x000000a2   Code   RO          602    .text.HAL_TIM_Base_Start  stm32f4xx_hal_tim.o
    0x080019d6   0x080019d6   0x00000002   PAD
    0x080019d8   0x080019d8   0x000000aa   Code   RO          606    .text.HAL_TIM_Base_Start_IT  stm32f4xx_hal_tim.o
    0x08001a82   0x08001a82   0x00000002   PAD
    0x08001a84   0x08001a84   0x00000034   Code   RO          604    .text.HAL_TIM_Base_Stop  stm32f4xx_hal_tim.o
    0x08001ab8   0x08001ab8   0x00000002   Code   RO           92    .text.HardFault_Handler  stm32f4xx_it.o
    0x08001aba   0x08001aba   0x00000002   PAD
    0x08001abc   0x08001abc   0x00000046   Code   RO           50    .text.MX_DAC_Init   dac.o
    0x08001b02   0x08001b02   0x00000002   PAD
    0x08001b04   0x08001b04   0x00000038   Code   RO           66    .text.MX_DMA_Init   dma.o
    0x08001b3c   0x08001b3c   0x00000114   Code   RO           41    .text.MX_GPIO_Init  gpio.o
    0x08001c50   0x08001c50   0x00000054   Code   RO           75    .text.MX_TIM6_Init  tim.o
    0x08001ca4   0x08001ca4   0x00000002   Code   RO           94    .text.MemManage_Handler  stm32f4xx_it.o
    0x08001ca6   0x08001ca6   0x00000002   PAD
    0x08001ca8   0x08001ca8   0x00000002   Code   RO           90    .text.NMI_Handler   stm32f4xx_it.o
    0x08001caa   0x08001caa   0x00000002   PAD
    0x08001cac   0x08001cac   0x00000002   Code   RO          104    .text.PendSV_Handler  stm32f4xx_it.o
    0x08001cae   0x08001cae   0x00000002   PAD
    0x08001cb0   0x08001cb0   0x00000002   Code   RO          100    .text.SVC_Handler   stm32f4xx_it.o
    0x08001cb2   0x08001cb2   0x00000002   PAD
    0x08001cb4   0x08001cb4   0x00000004   Code   RO          106    .text.SysTick_Handler  stm32f4xx_it.o
    0x08001cb8   0x08001cb8   0x00000012   Code   RO          911    .text.SystemInit    system_stm32f4xx.o
    0x08001cca   0x08001cca   0x00000002   PAD
    0x08001ccc   0x08001ccc   0x0000013c   Code   RO          596    .text.TIM_Base_SetConfig  stm32f4xx_hal_tim.o
    0x08001e08   0x08001e08   0x00000002   Code   RO           98    .text.UsageFault_Handler  stm32f4xx_it.o
    0x08001e0a   0x08001e0a   0x00000006   PAD
    0x08001e10   0x08001e10   0x0000042c   Code   RO           11    .text.dds_calculate_sin  main.o
    0x0800223c   0x0800223c   0x00000004   PAD
    0x08002240   0x08002240   0x000000e8   Code   RO           13    .text.dds_calculate_square  main.o
    0x08002328   0x08002328   0x00000138   Code   RO           23    .text.main          main.o
    0x08002460   0x08002460   0x000003c0   Code   RO           19    .text.reset_DMA     main.o
    0x08002820   0x08002820   0x00000030   Code   RO         1044    i.__ARM_fpclassify  m_wm.l(fpclassify.o)
    0x08002850   0x08002850   0x000000c8   Code   RO          961    i.__hardfp_sin      m_wm.l(sin.o)
    0x08002918   0x08002918   0x00000438   Code   RO         1006    i.__ieee754_rem_pio2  m_wm.l(rred.o)
    0x08002d50   0x08002d50   0x00000170   Code   RO          989    i.__kernel_cos      m_wm.l(cos_i.o)
    0x08002ec0   0x08002ec0   0x000000f8   Code   RO         1046    i.__kernel_poly     m_wm.l(poly.o)
    0x08002fb8   0x08002fb8   0x00000130   Code   RO         1011    i.__kernel_sin      m_wm.l(sin_i.o)
    0x080030e8   0x080030e8   0x00000014   Code   RO          993    i.__mathlib_dbl_infnan  m_wm.l(dunder.o)
    0x080030fc   0x080030fc   0x00000004   PAD
    0x08003100   0x08003100   0x00000020   Code   RO          995    i.__mathlib_dbl_invalid  m_wm.l(dunder.o)
    0x08003120   0x08003120   0x00000020   Code   RO          998    i.__mathlib_dbl_underflow  m_wm.l(dunder.o)
    0x08003140   0x08003140   0x00000018   Code   RO         1040    i.fabs              m_wm.l(fabs.o)
    0x08003158   0x08003158   0x00000018   Code   RO          974    x$fpl$basic         fz_wm.l(basic.o)
    0x08003170   0x08003170   0x00000062   Code   RO          935    x$fpl$d2f           fz_wm.l(d2f.o)
    0x080031d2   0x080031d2   0x00000002   PAD
    0x080031d4   0x080031d4   0x00000150   Code   RO          937    x$fpl$dadd          fz_wm.l(daddsub_clz.o)
    0x08003324   0x08003324   0x00000018   Code   RO         1036    x$fpl$dcmpinf       fz_wm.l(dcmpi.o)
    0x0800333c   0x0800333c   0x000002b4   Code   RO          946    x$fpl$ddiv          fz_wm.l(ddiv.o)
    0x080035f0   0x080035f0   0x00000078   Code   RO          976    x$fpl$deqf          fz_wm.l(deqf.o)
    0x08003668   0x08003668   0x0000005e   Code   RO          949    x$fpl$dfix          fz_wm.l(dfix.o)
    0x080036c6   0x080036c6   0x0000002e   Code   RO          954    x$fpl$dflt          fz_wm.l(dflt_clz.o)
    0x080036f4   0x080036f4   0x00000026   Code   RO          953    x$fpl$dfltu         fz_wm.l(dflt_clz.o)
    0x0800371a   0x0800371a   0x00000002   PAD
    0x0800371c   0x0800371c   0x00000078   Code   RO          978    x$fpl$dgeqf         fz_wm.l(dgeqf.o)
    0x08003794   0x08003794   0x00000078   Code   RO          980    x$fpl$dleqf         fz_wm.l(dleqf.o)
    0x0800380c   0x0800380c   0x00000154   Code   RO          959    x$fpl$dmul          fz_wm.l(dmul.o)
    0x08003960   0x08003960   0x0000009c   Code   RO          982    x$fpl$dnaninf       fz_wm.l(dnaninf.o)
    0x080039fc   0x080039fc   0x0000000c   Code   RO          984    x$fpl$dretinf       fz_wm.l(dretinf.o)
    0x08003a08   0x08003a08   0x00000016   Code   RO          938    x$fpl$drsb          fz_wm.l(daddsub_clz.o)
    0x08003a1e   0x08003a1e   0x00000002   PAD
    0x08003a20   0x08003a20   0x000001dc   Code   RO          939    x$fpl$dsub          fz_wm.l(daddsub_clz.o)
    0x08003bfc   0x08003bfc   0x00000054   Code   RO          943    x$fpl$fcmp          fz_wm.l(dcmp.o)
    0x08003c50   0x08003c50   0x0000001a   Code   RO         1137    x$fpl$fpinit        fz_wm.l(fpinit.o)
    0x08003c6a   0x08003c6a   0x0000000a   Code   RO          986    x$fpl$fretinf       fz_wm.l(fretinf.o)
    0x08003c74   0x08003c74   0x00000000   Code   RO          988    x$fpl$usenofp       fz_wm.l(usenofp.o)
    0x08003c74   0x08003c74   0x00000004   PAD
    0x08003c78   0x08003c78   0x00000030   Data   RO          990    .constdata          m_wm.l(cos_i.o)
    0x08003ca8   0x08003ca8   0x000000cc   Data   RO         1008    .constdata          m_wm.l(rred.o)
    0x08003d74   0x08003d74   0x00000004   PAD
    0x08003d78   0x08003d78   0x00000028   Data   RO         1012    .constdata          m_wm.l(sin_i.o)
    0x08003da0   0x08003da0   0x00000010   Data   RO          916    .rodata.AHBPrescTable  system_stm32f4xx.o
    0x08003db0   0x08003db0   0x00000008   Data   RO          385    .rodata.cst8        stm32f4xx_hal_dma.o
    0x08003db8   0x08003db8   0x00000020   Data   RO         1198    Region$$Table       anon$$obj.o


    Execution Region RW_IRAM1 (Exec base: 0x20000000, Load base: 0x08003dd8, Size: 0x000008f0, Max: 0x0001c000, ABSOLUTE)

    Exec Addr    Load Addr    Size         Type   Attr      Idx    E Section Name        Object

    0x20000000   0x08003dd8   0x00000018   Data   RW           31    .data..L_MergedGlobals  main.o
    0x20000018   0x08003df0   0x00000008   Data   RW          557    .data..L_MergedGlobals  stm32f4xx_hal.o
    0x20000020   0x08003df8   0x00000004   Data   RW          915    .data.SystemCoreClock  system_stm32f4xx.o
    0x20000024   0x08003dfc   0x00000004   PAD
    0x20000028        -       0x00000060   Zero   RW         1049    .bss                c_w.l(libspace.o)
    0x20000088        -       0x00000018   Zero   RW           32    .bss..L_MergedGlobals.1  main.o
    0x200000a0        -       0x00000014   Zero   RW           56    .bss.hdac           dac.o
    0x200000b4        -       0x00000060   Zero   RW           57    .bss.hdma_dac1      dac.o
    0x20000114        -       0x00000048   Zero   RW           81    .bss.htim6          tim.o
    0x2000015c        -       0x00000190   Zero   RW           29    .bss.sindds         main.o
    0x200002ec        -       0x00000004   Zero   RW          556    .bss.uwTick         stm32f4xx_hal.o
    0x200002f0        -       0x00000200   Zero   RW            2    HEAP                startup_stm32f407xx.o
    0x200004f0        -       0x00000400   Zero   RW            1    STACK               startup_stm32f407xx.o


    Execution Region RW_IRAM2 (Exec base: 0x2001c000, Load base: 0x08003e00, Size: 0x00000000, Max: 0x00004000, ABSOLUTE)

    **** No section assigned to this execution region ****


==============================================================================

Image component sizes


      Code (inc. data)   RO Data    RW Data    ZI Data      Debug   Object Name

       248          0          0          0        116       4679   dac.o
        56          0          0          0          0       3450   dma.o
       276          0          0          0          0       4051   gpio.o
      3422        228          0         24        424      11782   main.o
        64         26        392          0       1536        832   startup_stm32f407xx.o
       164          0          0          8          4       7281   stm32f4xx_hal.o
       200          0          0          0          0      10511   stm32f4xx_hal_cortex.o
       514          0          0          0          0       7743   stm32f4xx_hal_dac.o
        52          0          0          0          0       5544   stm32f4xx_hal_dac_ex.o
      1102          6          8          0          0      10585   stm32f4xx_hal_dma.o
       454          0          0          0          0       5244   stm32f4xx_hal_gpio.o
        56          0          0          0          0       1442   stm32f4xx_hal_msp.o
      1342          0          0          0          0       7347   stm32f4xx_hal_rcc.o
       790          0          0          0          0      55022   stm32f4xx_hal_tim.o
       182          0          0          0          0      21227   stm32f4xx_hal_tim_ex.o
        84          0          0          0          0       3176   stm32f4xx_it.o
        18          0         16          4          0       2634   system_stm32f4xx.o
       138          0          0          0         72       4957   tim.o

    ----------------------------------------------------------------------
      9248        264        448         36       2156     167507   Object Totals
         0          0         32          0          0          0   (incl. Generated)
        86          4          0          0          4          0   (incl. Padding)

    ----------------------------------------------------------------------

      Code (inc. data)   RO Data    RW Data    ZI Data      Debug   Library Member Name

         8          0          0          0          0         68   __main.o
         0          0          0          0          0          0   __rtentry.o
        12          0          0          0          0          0   __rtentry2.o
         6          0          0          0          0          0   __rtentry4.o
        52          8          0          0          0          0   __scatter.o
        26          0          0          0          0          0   __scatter_copy.o
        28          0          0          0          0          0   __scatter_zi.o
        22          0          0          0          0        100   _rserrno.o
        18          0          0          0          0         80   exit.o
         6          0          0          0          0        152   heapauxi.o
         0          0          0          0          0          0   indicate_semi.o
         2          0          0          0          0          0   libinit.o
         6          0          0          0          0          0   libinit2.o
         2          0          0          0          0          0   libshutdown.o
         2          0          0          0          0          0   libshutdown2.o
         8          4          0          0         96         68   libspace.o
       240          0          0          0          0        100   lludivv7m.o
         8          4          0          0          0         68   rt_errno_addr_intlibspace.o
        78          0          0          0          0         80   rt_memclr_w.o
         2          0          0          0          0          0   rtexit.o
        10          0          0          0          0          0   rtexit2.o
        12          4          0          0          0         68   sys_exit.o
        74          0          0          0          0         80   sys_stackheap_outer.o
         2          0          0          0          0         68   use_no_semi.o
        24          0          0          0          0        164   basic.o
        98          4          0          0          0        140   d2f.o
       834         16          0          0          0        516   daddsub_clz.o
        84          0          0          0          0        244   dcmp.o
        24          0          0          0          0        116   dcmpi.o
       692        140          0          0          0        264   ddiv.o
       120          4          0          0          0        140   deqf.o
        94          4          0          0          0        140   dfix.o
        84          0          0          0          0        232   dflt_clz.o
       120          4          0          0          0        140   dgeqf.o
       120          4          0          0          0        140   dleqf.o
       340         12          0          0          0        152   dmul.o
       156          4          0          0          0        140   dnaninf.o
        12          0          0          0          0        116   dretinf.o
        26          0          0          0          0        116   fpinit.o
        10          0          0          0          0        116   fretinf.o
         0          0          0          0          0          0   usenofp.o
       368         46         48          0          0        200   cos_i.o
        84         16          0          0          0        372   dunder.o
        24          0          0          0          0        124   fabs.o
        48          0          0          0          0        124   fpclassify.o
       248          0          0          0          0        152   poly.o
      1080        142        204          0          0        188   rred.o
       200         20          0          0          0        164   sin.o
       304         24         40          0          0        208   sin_i.o

    ----------------------------------------------------------------------
      5840        460        296          0         96       5340   Library Totals
        22          0          4          0          0          0   (incl. Padding)

    ----------------------------------------------------------------------

      Code (inc. data)   RO Data    RW Data    ZI Data      Debug   Library Name

       624         20          0          0         96        932   c_w.l
      2838        192          0          0          0       2876   fz_wm.l
      2356        248        292          0          0       1532   m_wm.l

    ----------------------------------------------------------------------
      5840        460        296          0         96       5340   Library Totals

    ----------------------------------------------------------------------

==============================================================================


      Code (inc. data)   RO Data    RW Data    ZI Data      Debug   

     15088        724        744         36       2252     169463   Grand Totals
     15088        724        744         36       2252     169463   ELF Image Totals
     15088        724        744         36          0          0   ROM Totals

==============================================================================

    Total RO  Size (Code + RO Data)                15832 (  15.46kB)
    Total RW  Size (RW Data + ZI Data)              2288 (   2.23kB)
    Total ROM Size (Code + RO Data + RW Data)      15868 (  15.50kB)

==============================================================================

