<html>
<body>
<pre>
<h1>µVision Build Log</h1>
<h2>Tool Versions:</h2>
IDE-Version: ¦ÌVision V5.38.0.0
Copyright (C) 2022 ARM Ltd and ARM Germany GmbH. All rights reserved.
License Information: 1 1, 1, LIC=76F5U-S3YLK-2ZUW4-FI5FR-67JG5-2ERT9
 
Tool Versions:
Toolchain:       MDK-ARM Plus  Version: 5.38.0.0
Toolchain Path:  E:\Keil\keil5\ARM\ARMCLANG\Bin
C Compiler:      ArmClang.exe V6.19
Assembler:       Armasm.exe V6.19
Linker/Locator:  ArmLink.exe V6.19
Library Manager: ArmAr.exe V6.19
Hex Converter:   FromElf.exe V6.19
CPU DLL:         SARMCM3.DLL V5.38.0.0
Dialog DLL:      DCM.DLL V1.17.5.0
Target DLL:      STLink\ST-LINKIII-KEIL_SWO.dll V3.0.1.0
Dialog DLL:      TCM.DLL V1.56.4.0
 
<h2>Project:</h2>
E:\keil_code\template\MDK-ARM\template.uvprojx
Project File Date:  05/25/2023

<h2>Output:</h2>
*** Using Compiler 'V6.19', folder: 'E:\Keil\keil5\ARM\ARMCLANG\Bin'
Build target 'template'
../Core/Src/main.c(97): warning: passing 'char[16]' to parameter of type 'unsigned char *' converts between pointers to integer types where one is of the unique plain 'char' type and the other is not [-Wpointer-sign]
        Gui_DrawFont_GBK24(0,50,BLACK,WHITE,"XJTU Infomation");
                                            ^~~~~~~~~~~~~~~~~
../Hardware\LCDAPI.h(15): note: passing argument to parameter 's' here
void Gui_DrawFont_GBK24(u16 x, u16 y, u16 fc, u16 bc, u8 *s);
                                                          ^
../Core/Src/main.c(98): warning: passing 'char[23]' to parameter of type 'unsigned char *' converts between pointers to integer types where one is of the unique plain 'char' type and the other is not [-Wpointer-sign]
        Gui_DrawFont_GBK24(0,80,BLACK,WHITE,"Single-Chip Experiment");
                                            ^~~~~~~~~~~~~~~~~~~~~~~~
../Hardware\LCDAPI.h(15): note: passing argument to parameter 's' here
void Gui_DrawFont_GBK24(u16 x, u16 y, u16 fc, u16 bc, u8 *s);
                                                          ^
../Core/Src/main.c(99): warning: passing 'char[37]' to parameter of type 'unsigned char *' converts between pointers to integer types where one is of the unique plain 'char' type and the other is not [-Wpointer-sign]
        Gui_DrawFont_GBK24(0,120,BLACK,WHITE,"Current TemperatureaaaaAAAAAAAaaaaa:");
                                             ^~~~~~~~~~~~~~~~~~~~~~~~~~~~~~~~~~~~~~
../Hardware\LCDAPI.h(15): note: passing argument to parameter 's' here
void Gui_DrawFont_GBK24(u16 x, u16 y, u16 fc, u16 bc, u8 *s);
                                                          ^
3 warnings generated.
compiling main.c...
linking...
Program Size: Code=14426 RO-data=4890 RW-data=12 ZI-data=1732  
FromELF: creating hex file...
"template\template.axf" - 0 Error(s), 3 Warning(s).

<h2>Software Packages used:</h2>

Package Vendor: ARM
                http://www.keil.com/pack/ARM.CMSIS.5.9.0.pack
                ARM.CMSIS.5.9.0
                CMSIS (Common Microcontroller Software Interface Standard)
   * Component: CORE Version: 5.6.0

Package Vendor: Keil
                https://www.keil.com/pack/Keil.STM32F4xx_DFP.2.17.0.pack
                Keil.STM32F4xx_DFP.2.17.0
                STMicroelectronics STM32F4 Series Device Support, Drivers and Examples

<h2>Collection of Component include folders:</h2>
  ./RTE/_template
  E:/Keil/packs/ARM/CMSIS/5.9.0/CMSIS/Core/Include
  E:/Keil/packs/Keil/STM32F4xx_DFP/2.17.0/Drivers/CMSIS/Device/ST/STM32F4xx/Include

<h2>Collection of Component Files used:</h2>

   * Component: ARM::CMSIS:CORE:5.6.0
      Include file:  CMSIS/Core/Include/tz_context.h
Build Time Elapsed:  00:00:01
</pre>
</body>
</html>
